<?xml version="1.0" encoding="UTF-8"?>
<testsuites>
  <testsuite name="" tests="289" assertions="953" errors="0" failures="0" skipped="0" time="7.027473">
    <testsuite name="Unit" tests="194" assertions="763" errors="0" failures="0" skipped="0" time="1.890032">
      <testsuite name="Tests\Unit\Playground\Filters\ContentTrait\TraitTest" file="/app/vendor/gammamatrix/playground/tests/Unit/Filters/ContentTrait/TraitTest.php" tests="6" assertions="6" errors="0" failures="0" skipped="0" time="0.232555">
        <testcase name="test_purify" file="/app/vendor/gammamatrix/playground/tests/Unit/Filters/ContentTrait/TraitTest.php" line="14" class="Tests\Unit\Playground\Filters\ContentTrait\TraitTest" classname="Tests.Unit.Playground.Filters.ContentTrait.TraitTest" assertions="1" time="0.212510"/>
        <testcase name="test_exorcise" file="/app/vendor/gammamatrix/playground/tests/Unit/Filters/ContentTrait/TraitTest.php" line="23" class="Tests\Unit\Playground\Filters\ContentTrait\TraitTest" classname="Tests.Unit.Playground.Filters.ContentTrait.TraitTest" assertions="1" time="0.004239"/>
        <testcase name="test_getHtmlPurifier" file="/app/vendor/gammamatrix/playground/tests/Unit/Filters/ContentTrait/TraitTest.php" line="32" class="Tests\Unit\Playground\Filters\ContentTrait\TraitTest" classname="Tests.Unit.Playground.Filters.ContentTrait.TraitTest" assertions="1" time="0.004083"/>
        <testcase name="test_getHtmlPurifier_with_iframes" file="/app/vendor/gammamatrix/playground/tests/Unit/Filters/ContentTrait/TraitTest.php" line="42" class="Tests\Unit\Playground\Filters\ContentTrait\TraitTest" classname="Tests.Unit.Playground.Filters.ContentTrait.TraitTest" assertions="1" time="0.003911"/>
        <testcase name="test_getHtmlPurifier_with_purifier_path" file="/app/vendor/gammamatrix/playground/tests/Unit/Filters/ContentTrait/TraitTest.php" line="54" class="Tests\Unit\Playground\Filters\ContentTrait\TraitTest" classname="Tests.Unit.Playground.Filters.ContentTrait.TraitTest" assertions="1" time="0.003879"/>
        <testcase name="test_encodeURIComponent" file="/app/vendor/gammamatrix/playground/tests/Unit/Filters/ContentTrait/TraitTest.php" line="66" class="Tests\Unit\Playground\Filters\ContentTrait\TraitTest" classname="Tests.Unit.Playground.Filters.ContentTrait.TraitTest" assertions="1" time="0.003933"/>
      </testsuite>
      <testsuite name="Tests\Unit\Playground\Filters\ModelTrait\ArrayTraitTest" file="/app/vendor/gammamatrix/playground/tests/Unit/Filters/ModelTrait/ArrayTraitTest.php" tests="2" assertions="12" errors="0" failures="0" skipped="0" time="0.041759">
        <testcase name="test_filterArray" file="/app/vendor/gammamatrix/playground/tests/Unit/Filters/ModelTrait/ArrayTraitTest.php" line="22" class="Tests\Unit\Playground\Filters\ModelTrait\ArrayTraitTest" classname="Tests.Unit.Playground.Filters.ModelTrait.ArrayTraitTest" assertions="6" time="0.037677"/>
        <testcase name="test_filterArray_to_json" file="/app/vendor/gammamatrix/playground/tests/Unit/Filters/ModelTrait/ArrayTraitTest.php" line="62" class="Tests\Unit\Playground\Filters\ModelTrait\ArrayTraitTest" classname="Tests.Unit.Playground.Filters.ModelTrait.ArrayTraitTest" assertions="6" time="0.004081"/>
      </testsuite>
      <testsuite name="Tests\Unit\Playground\Filters\ModelTrait\BitsTraitTest" file="/app/vendor/gammamatrix/playground/tests/Unit/Filters/ModelTrait/BitsTraitTest.php" tests="2" assertions="7" errors="0" failures="0" skipped="0" time="0.007959">
        <testcase name="test_filterBits_for_exponent_zero" file="/app/vendor/gammamatrix/playground/tests/Unit/Filters/ModelTrait/BitsTraitTest.php" line="22" class="Tests\Unit\Playground\Filters\ModelTrait\BitsTraitTest" classname="Tests.Unit.Playground.Filters.ModelTrait.BitsTraitTest" assertions="2" time="0.003921"/>
        <testcase name="test_filterBits_for_exponent_greater_than_zero" file="/app/vendor/gammamatrix/playground/tests/Unit/Filters/ModelTrait/BitsTraitTest.php" line="38" class="Tests\Unit\Playground\Filters\ModelTrait\BitsTraitTest" classname="Tests.Unit.Playground.Filters.ModelTrait.BitsTraitTest" assertions="5" time="0.004038"/>
      </testsuite>
      <testsuite name="Tests\Unit\Playground\Filters\ModelTrait\DateTraitTest" file="/app/vendor/gammamatrix/playground/tests/Unit/Filters/ModelTrait/DateTraitTest.php" tests="2" assertions="5" errors="0" failures="0" skipped="0" time="0.008581">
        <testcase name="test_filterDate" file="/app/vendor/gammamatrix/playground/tests/Unit/Filters/ModelTrait/DateTraitTest.php" line="22" class="Tests\Unit\Playground\Filters\ModelTrait\DateTraitTest" classname="Tests.Unit.Playground.Filters.ModelTrait.DateTraitTest" assertions="2" time="0.004594"/>
        <testcase name="test_filterDateAsCarbon" file="/app/vendor/gammamatrix/playground/tests/Unit/Filters/ModelTrait/DateTraitTest.php" line="45" class="Tests\Unit\Playground\Filters\ModelTrait\DateTraitTest" classname="Tests.Unit.Playground.Filters.ModelTrait.DateTraitTest" assertions="3" time="0.003987"/>
      </testsuite>
      <testsuite name="Tests\Unit\Playground\Filters\ModelTrait\NumberTraitTest" file="/app/vendor/gammamatrix/playground/tests/Unit/Filters/ModelTrait/NumberTraitTest.php" tests="5" assertions="55" errors="0" failures="0" skipped="0" time="0.021125">
        <testcase name="test_filterFloat" file="/app/vendor/gammamatrix/playground/tests/Unit/Filters/ModelTrait/NumberTraitTest.php" line="22" class="Tests\Unit\Playground\Filters\ModelTrait\NumberTraitTest" classname="Tests.Unit.Playground.Filters.ModelTrait.NumberTraitTest" assertions="4" time="0.004080"/>
        <testcase name="test_filterInteger" file="/app/vendor/gammamatrix/playground/tests/Unit/Filters/ModelTrait/NumberTraitTest.php" line="38" class="Tests\Unit\Playground\Filters\ModelTrait\NumberTraitTest" classname="Tests.Unit.Playground.Filters.ModelTrait.NumberTraitTest" assertions="6" time="0.003973"/>
        <testcase name="test_filterIntegerId" file="/app/vendor/gammamatrix/playground/tests/Unit/Filters/ModelTrait/NumberTraitTest.php" line="59" class="Tests\Unit\Playground\Filters\ModelTrait\NumberTraitTest" classname="Tests.Unit.Playground.Filters.ModelTrait.NumberTraitTest" assertions="12" time="0.004270"/>
        <testcase name="test_filterIntegerPositive" file="/app/vendor/gammamatrix/playground/tests/Unit/Filters/ModelTrait/NumberTraitTest.php" line="83" class="Tests\Unit\Playground\Filters\ModelTrait\NumberTraitTest" classname="Tests.Unit.Playground.Filters.ModelTrait.NumberTraitTest" assertions="27" time="0.004664"/>
        <testcase name="test_filterPercent" file="/app/vendor/gammamatrix/playground/tests/Unit/Filters/ModelTrait/NumberTraitTest.php" line="128" class="Tests\Unit\Playground\Filters\ModelTrait\NumberTraitTest" classname="Tests.Unit.Playground.Filters.ModelTrait.NumberTraitTest" assertions="6" time="0.004138"/>
      </testsuite>
      <testsuite name="Tests\Unit\Playground\Filters\ModelTrait\StatusTraitTest" file="/app/vendor/gammamatrix/playground/tests/Unit/Filters/ModelTrait/StatusTraitTest.php" tests="1" assertions="5" errors="0" failures="0" skipped="0" time="0.004027">
        <testcase name="test_filterStatus" file="/app/vendor/gammamatrix/playground/tests/Unit/Filters/ModelTrait/StatusTraitTest.php" line="21" class="Tests\Unit\Playground\Filters\ModelTrait\StatusTraitTest" classname="Tests.Unit.Playground.Filters.ModelTrait.StatusTraitTest" assertions="5" time="0.004027"/>
      </testsuite>
      <testsuite name="Tests\Unit\Playground\Filters\ModelTrait\SystemFieldsTraitTest" file="/app/vendor/gammamatrix/playground/tests/Unit/Filters/ModelTrait/SystemFieldsTraitTest.php" tests="4" assertions="11" errors="0" failures="0" skipped="0" time="0.015888">
        <testcase name="test_filterSystemFields_for_groups" file="/app/vendor/gammamatrix/playground/tests/Unit/Filters/ModelTrait/SystemFieldsTraitTest.php" line="22" class="Tests\Unit\Playground\Filters\ModelTrait\SystemFieldsTraitTest" classname="Tests.Unit.Playground.Filters.ModelTrait.SystemFieldsTraitTest" assertions="2" time="0.003992"/>
        <testcase name="test_filterSystemFields_for_permissions" file="/app/vendor/gammamatrix/playground/tests/Unit/Filters/ModelTrait/SystemFieldsTraitTest.php" line="37" class="Tests\Unit\Playground\Filters\ModelTrait\SystemFieldsTraitTest" classname="Tests.Unit.Playground.Filters.ModelTrait.SystemFieldsTraitTest" assertions="3" time="0.003973"/>
        <testcase name="test_filterSystemFields_for_rank" file="/app/vendor/gammamatrix/playground/tests/Unit/Filters/ModelTrait/SystemFieldsTraitTest.php" line="73" class="Tests\Unit\Playground\Filters\ModelTrait\SystemFieldsTraitTest" classname="Tests.Unit.Playground.Filters.ModelTrait.SystemFieldsTraitTest" assertions="3" time="0.003954"/>
        <testcase name="test_filterSystemFields_for_size" file="/app/vendor/gammamatrix/playground/tests/Unit/Filters/ModelTrait/SystemFieldsTraitTest.php" line="92" class="Tests\Unit\Playground\Filters\ModelTrait\SystemFieldsTraitTest" classname="Tests.Unit.Playground.Filters.ModelTrait.SystemFieldsTraitTest" assertions="3" time="0.003969"/>
      </testsuite>
      <testsuite name="Tests\Unit\Playground\Filters\ModelTrait\UuidTraitTest" file="/app/vendor/gammamatrix/playground/tests/Unit/Filters/ModelTrait/UuidTraitTest.php" tests="1" assertions="2" errors="0" failures="0" skipped="0" time="0.020254">
        <testcase name="test_filterUuid" file="/app/vendor/gammamatrix/playground/tests/Unit/Filters/ModelTrait/UuidTraitTest.php" line="21" class="Tests\Unit\Playground\Filters\ModelTrait\UuidTraitTest" classname="Tests.Unit.Playground.Filters.ModelTrait.UuidTraitTest" assertions="2" time="0.020254"/>
      </testsuite>
      <testsuite name="Tests\Unit\Playground\Filters\ModelTrait\ValueTraitTest" file="/app/vendor/gammamatrix/playground/tests/Unit/Filters/ModelTrait/ValueTraitTest.php" tests="3" assertions="20" errors="0" failures="0" skipped="0" time="0.012856">
        <testcase name="test_filterBoolean" file="/app/vendor/gammamatrix/playground/tests/Unit/Filters/ModelTrait/ValueTraitTest.php" line="24" class="Tests\Unit\Playground\Filters\ModelTrait\ValueTraitTest" classname="Tests.Unit.Playground.Filters.ModelTrait.ValueTraitTest" assertions="12" time="0.004268"/>
        <testcase name="test_filterEmail" file="/app/vendor/gammamatrix/playground/tests/Unit/Filters/ModelTrait/ValueTraitTest.php" line="70" class="Tests\Unit\Playground\Filters\ModelTrait\ValueTraitTest" classname="Tests.Unit.Playground.Filters.ModelTrait.ValueTraitTest" assertions="6" time="0.004005"/>
        <testcase name="test_filterHtml" file="/app/vendor/gammamatrix/playground/tests/Unit/Filters/ModelTrait/ValueTraitTest.php" line="98" class="Tests\Unit\Playground\Filters\ModelTrait\ValueTraitTest" classname="Tests.Unit.Playground.Filters.ModelTrait.ValueTraitTest" assertions="2" time="0.004583"/>
      </testsuite>
      <testsuite name="Tests\Unit\Playground\Models\Model\ModelTest" file="/app/vendor/gammamatrix/playground/tests/Unit/Models/Model/ModelTest.php" tests="5" assertions="5" errors="0" failures="0" skipped="0" time="0.150896">
        <testcase name="test_WithChildren_children_returns_HasMany" file="/app/vendor/gammamatrix/playground/tests/Unit/Models/Model/ModelTest.php" line="38" class="Tests\Unit\Playground\Models\Model\ModelTest" classname="Tests.Unit.Playground.Models.Model.ModelTest" assertions="1" time="0.122682"/>
        <testcase name="test_WithCreator_creator_returns_HasOne" file="/app/vendor/gammamatrix/playground/tests/Unit/Models/Model/ModelTest.php" line="48" class="Tests\Unit\Playground\Models\Model\ModelTest" classname="Tests.Unit.Playground.Models.Model.ModelTest" assertions="1" time="0.013396"/>
        <testcase name="test_WithModifier_modifier_returns_HasOne" file="/app/vendor/gammamatrix/playground/tests/Unit/Models/Model/ModelTest.php" line="58" class="Tests\Unit\Playground\Models\Model\ModelTest" classname="Tests.Unit.Playground.Models.Model.ModelTest" assertions="1" time="0.004992"/>
        <testcase name="test_WithOwner_owner_returns_HasOne" file="/app/vendor/gammamatrix/playground/tests/Unit/Models/Model/ModelTest.php" line="68" class="Tests\Unit\Playground\Models\Model\ModelTest" classname="Tests.Unit.Playground.Models.Model.ModelTest" assertions="1" time="0.004971"/>
        <testcase name="test_WithParent_parent_returns_HasOne" file="/app/vendor/gammamatrix/playground/tests/Unit/Models/Model/ModelTest.php" line="78" class="Tests\Unit\Playground\Models\Model\ModelTest" classname="Tests.Unit.Playground.Models.Model.ModelTest" assertions="1" time="0.004855"/>
      </testsuite>
      <testsuite name="Tests\Unit\Playground\Models\Traits\ScopeFilterColumns\ModelTest" file="/app/vendor/gammamatrix/playground/tests/Unit/Models/Traits/ScopeFilterColumns/ModelTest.php" tests="15" assertions="150" errors="0" failures="0" skipped="0" time="0.092352">
        <testcase name="test_scopeFilterColumns_returns_query_without_columns_or_filters" file="/app/vendor/gammamatrix/playground/tests/Unit/Models/Traits/ScopeFilterColumns/ModelTest.php" line="44" class="Tests\Unit\Playground\Models\Traits\ScopeFilterColumns\ModelTest" classname="Tests.Unit.Playground.Models.Traits.ScopeFilterColumns.ModelTest" assertions="2" time="0.005343"/>
        <testcase name="test_scopeFilterColumns_returns_query_without_filters" file="/app/vendor/gammamatrix/playground/tests/Unit/Models/Traits/ScopeFilterColumns/ModelTest.php" line="63" class="Tests\Unit\Playground\Models\Traits\ScopeFilterColumns\ModelTest" classname="Tests.Unit.Playground.Models.Traits.ScopeFilterColumns.ModelTest" assertions="4" time="0.005414"/>
        <testcase name="test_scopeFilterColumns_returns_query_with_invalid_column" file="/app/vendor/gammamatrix/playground/tests/Unit/Models/Traits/ScopeFilterColumns/ModelTest.php" line="89" class="Tests\Unit\Playground\Models\Traits\ScopeFilterColumns\ModelTest" classname="Tests.Unit.Playground.Models.Traits.ScopeFilterColumns.ModelTest" assertions="4" time="0.005545"/>
        <testcase name="test_scopeFilterColumns_returns_query_with_filters_without_meta_for_strings" file="/app/vendor/gammamatrix/playground/tests/Unit/Models/Traits/ScopeFilterColumns/ModelTest.php" line="122" class="Tests\Unit\Playground\Models\Traits\ScopeFilterColumns\ModelTest" classname="Tests.Unit.Playground.Models.Traits.ScopeFilterColumns.ModelTest" assertions="8" time="0.005790"/>
        <testcase name="test_scopeFilterColumns_returns_query_with_null_comparison_and_ignore" file="/app/vendor/gammamatrix/playground/tests/Unit/Models/Traits/ScopeFilterColumns/ModelTest.php" line="163" class="Tests\Unit\Playground\Models\Traits\ScopeFilterColumns\ModelTest" classname="Tests.Unit.Playground.Models.Traits.ScopeFilterColumns.ModelTest" assertions="4" time="0.005547"/>
        <testcase name="test_scopeFilterColumns_returns_query_with_comparison" file="/app/vendor/gammamatrix/playground/tests/Unit/Models/Traits/ScopeFilterColumns/ModelTest.php" line="197" class="Tests\Unit\Playground\Models\Traits\ScopeFilterColumns\ModelTest" classname="Tests.Unit.Playground.Models.Traits.ScopeFilterColumns.ModelTest" assertions="6" time="0.005575"/>
        <testcase name="test_scopeFilterColumns_with_boolean_filter_type_and_null_value" file="/app/vendor/gammamatrix/playground/tests/Unit/Models/Traits/ScopeFilterColumns/ModelTest.php" line="232" class="Tests\Unit\Playground\Models\Traits\ScopeFilterColumns\ModelTest" classname="Tests.Unit.Playground.Models.Traits.ScopeFilterColumns.ModelTest" assertions="6" time="0.005645"/>
        <testcase name="test_scopeFilterColumns_with_boolean_filter_type_and_true_value" file="/app/vendor/gammamatrix/playground/tests/Unit/Models/Traits/ScopeFilterColumns/ModelTest.php" line="269" class="Tests\Unit\Playground\Models\Traits\ScopeFilterColumns\ModelTest" classname="Tests.Unit.Playground.Models.Traits.ScopeFilterColumns.ModelTest" assertions="6" time="0.005626"/>
        <testcase name="test_scopeFilterColumns_with_boolean_filter_type_and_false_value" file="/app/vendor/gammamatrix/playground/tests/Unit/Models/Traits/ScopeFilterColumns/ModelTest.php" line="306" class="Tests\Unit\Playground\Models\Traits\ScopeFilterColumns\ModelTest" classname="Tests.Unit.Playground.Models.Traits.ScopeFilterColumns.ModelTest" assertions="6" time="0.005850"/>
        <testcase name="test_scopeFilterColumns_with_filter_operator_without_operator_and_default_to_like" file="/app/vendor/gammamatrix/playground/tests/Unit/Models/Traits/ScopeFilterColumns/ModelTest.php" line="343" class="Tests\Unit\Playground\Models\Traits\ScopeFilterColumns\ModelTest" classname="Tests.Unit.Playground.Models.Traits.ScopeFilterColumns.ModelTest" assertions="6" time="0.005563"/>
        <testcase name="test_scopeFilterColumns_with_filter_operators" file="/app/vendor/gammamatrix/playground/tests/Unit/Models/Traits/ScopeFilterColumns/ModelTest.php" line="380" class="Tests\Unit\Playground\Models\Traits\ScopeFilterColumns\ModelTest" classname="Tests.Unit.Playground.Models.Traits.ScopeFilterColumns.ModelTest" assertions="74" time="0.013724"/>
        <testcase name="test_scopeFilterColumns_with_between_filter_operator_without_single_parameter_and_ignore_between" file="/app/vendor/gammamatrix/playground/tests/Unit/Models/Traits/ScopeFilterColumns/ModelTest.php" line="470" class="Tests\Unit\Playground\Models\Traits\ScopeFilterColumns\ModelTest" classname="Tests.Unit.Playground.Models.Traits.ScopeFilterColumns.ModelTest" assertions="4" time="0.005468"/>
        <testcase name="test_scopeFilterColumns_with_between_filter_operator" file="/app/vendor/gammamatrix/playground/tests/Unit/Models/Traits/ScopeFilterColumns/ModelTest.php" line="506" class="Tests\Unit\Playground\Models\Traits\ScopeFilterColumns\ModelTest" classname="Tests.Unit.Playground.Models.Traits.ScopeFilterColumns.ModelTest" assertions="8" time="0.005771"/>
        <testcase name="test_scopeFilterColumns_with_not_between_filter_operator_without_single_parameter_and_ignore_between" file="/app/vendor/gammamatrix/playground/tests/Unit/Models/Traits/ScopeFilterColumns/ModelTest.php" line="546" class="Tests\Unit\Playground\Models\Traits\ScopeFilterColumns\ModelTest" classname="Tests.Unit.Playground.Models.Traits.ScopeFilterColumns.ModelTest" assertions="4" time="0.005702"/>
        <testcase name="test_scopeFilterColumns_with_not_between_filter_operator" file="/app/vendor/gammamatrix/playground/tests/Unit/Models/Traits/ScopeFilterColumns/ModelTest.php" line="582" class="Tests\Unit\Playground\Models\Traits\ScopeFilterColumns\ModelTest" classname="Tests.Unit.Playground.Models.Traits.ScopeFilterColumns.ModelTest" assertions="8" time="0.005789"/>
      </testsuite>
      <testsuite name="Tests\Unit\Playground\Models\Traits\ScopeFilterDates\ModelTest" file="/app/vendor/gammamatrix/playground/tests/Unit/Models/Traits/ScopeFilterDates/ModelTest.php" tests="18" assertions="160" errors="0" failures="0" skipped="0" time="0.113221">
        <testcase name="test_scopeFilterDates_returns_query_without_dates_or_filters" file="/app/vendor/gammamatrix/playground/tests/Unit/Models/Traits/ScopeFilterDates/ModelTest.php" line="47" class="Tests\Unit\Playground\Models\Traits\ScopeFilterDates\ModelTest" classname="Tests.Unit.Playground.Models.Traits.ScopeFilterDates.ModelTest" assertions="2" time="0.005328"/>
        <testcase name="test_scopeFilterDates_returns_query_without_filters" file="/app/vendor/gammamatrix/playground/tests/Unit/Models/Traits/ScopeFilterDates/ModelTest.php" line="66" class="Tests\Unit\Playground\Models\Traits\ScopeFilterDates\ModelTest" classname="Tests.Unit.Playground.Models.Traits.ScopeFilterDates.ModelTest" assertions="4" time="0.005502"/>
        <testcase name="test_scopeFilterDates_returns_query_with_invalid_column" file="/app/vendor/gammamatrix/playground/tests/Unit/Models/Traits/ScopeFilterDates/ModelTest.php" line="92" class="Tests\Unit\Playground\Models\Traits\ScopeFilterDates\ModelTest" classname="Tests.Unit.Playground.Models.Traits.ScopeFilterDates.ModelTest" assertions="4" time="0.005496"/>
        <testcase name="test_scopeFilterDates_returns_query_with_filters_without_meta_for_strings" file="/app/vendor/gammamatrix/playground/tests/Unit/Models/Traits/ScopeFilterDates/ModelTest.php" line="125" class="Tests\Unit\Playground\Models\Traits\ScopeFilterDates\ModelTest" classname="Tests.Unit.Playground.Models.Traits.ScopeFilterDates.ModelTest" assertions="6" time="0.006127"/>
        <testcase name="test_scopeFilterDates_returns_query_with_null_comparison_and_ignore" file="/app/vendor/gammamatrix/playground/tests/Unit/Models/Traits/ScopeFilterDates/ModelTest.php" line="163" class="Tests\Unit\Playground\Models\Traits\ScopeFilterDates\ModelTest" classname="Tests.Unit.Playground.Models.Traits.ScopeFilterDates.ModelTest" assertions="4" time="0.005605"/>
        <testcase name="test_scopeFilterDates_returns_query_with_null_comparison_and_allow" file="/app/vendor/gammamatrix/playground/tests/Unit/Models/Traits/ScopeFilterDates/ModelTest.php" line="201" class="Tests\Unit\Playground\Models\Traits\ScopeFilterDates\ModelTest" classname="Tests.Unit.Playground.Models.Traits.ScopeFilterDates.ModelTest" assertions="4" time="0.005599"/>
        <testcase name="test_scopeFilterDates_returns_query_with_comparison" file="/app/vendor/gammamatrix/playground/tests/Unit/Models/Traits/ScopeFilterDates/ModelTest.php" line="239" class="Tests\Unit\Playground\Models\Traits\ScopeFilterDates\ModelTest" classname="Tests.Unit.Playground.Models.Traits.ScopeFilterDates.ModelTest" assertions="6" time="0.005858"/>
        <testcase name="test_scopeFilterDates_returns_query_with_wildcard" file="/app/vendor/gammamatrix/playground/tests/Unit/Models/Traits/ScopeFilterDates/ModelTest.php" line="275" class="Tests\Unit\Playground\Models\Traits\ScopeFilterDates\ModelTest" classname="Tests.Unit.Playground.Models.Traits.ScopeFilterDates.ModelTest" assertions="6" time="0.005915"/>
        <testcase name="test_scopeFilterDates_returns_query_with_operator_wildcard" file="/app/vendor/gammamatrix/playground/tests/Unit/Models/Traits/ScopeFilterDates/ModelTest.php" line="310" class="Tests\Unit\Playground\Models\Traits\ScopeFilterDates\ModelTest" classname="Tests.Unit.Playground.Models.Traits.ScopeFilterDates.ModelTest" assertions="6" time="0.005789"/>
        <testcase name="test_scopeFilterDates_returns_query_with_object_value_and_ignore" file="/app/vendor/gammamatrix/playground/tests/Unit/Models/Traits/ScopeFilterDates/ModelTest.php" line="347" class="Tests\Unit\Playground\Models\Traits\ScopeFilterDates\ModelTest" classname="Tests.Unit.Playground.Models.Traits.ScopeFilterDates.ModelTest" assertions="4" time="0.005516"/>
        <testcase name="test_scopeFilterDates_returns_query_with_unnullable_value_and_ignore" file="/app/vendor/gammamatrix/playground/tests/Unit/Models/Traits/ScopeFilterDates/ModelTest.php" line="383" class="Tests\Unit\Playground\Models\Traits\ScopeFilterDates\ModelTest" classname="Tests.Unit.Playground.Models.Traits.ScopeFilterDates.ModelTest" assertions="4" time="0.005628"/>
        <testcase name="test_scopeFilterDates_returns_query_with_invalid_operator_and_use_like" file="/app/vendor/gammamatrix/playground/tests/Unit/Models/Traits/ScopeFilterDates/ModelTest.php" line="418" class="Tests\Unit\Playground\Models\Traits\ScopeFilterDates\ModelTest" classname="Tests.Unit.Playground.Models.Traits.ScopeFilterDates.ModelTest" assertions="6" time="0.006287"/>
        <testcase name="test_scopeFilterDates_returns_query_with_invalid_parsable_value_and_ignore" file="/app/vendor/gammamatrix/playground/tests/Unit/Models/Traits/ScopeFilterDates/ModelTest.php" line="459" class="Tests\Unit\Playground\Models\Traits\ScopeFilterDates\ModelTest" classname="Tests.Unit.Playground.Models.Traits.ScopeFilterDates.ModelTest" assertions="4" time="0.005949"/>
        <testcase name="test_scopeFilterDates_returns_query_with_short_date_and_gte_operator" file="/app/vendor/gammamatrix/playground/tests/Unit/Models/Traits/ScopeFilterDates/ModelTest.php" line="495" class="Tests\Unit\Playground\Models\Traits\ScopeFilterDates\ModelTest" classname="Tests.Unit.Playground.Models.Traits.ScopeFilterDates.ModelTest" assertions="6" time="0.005760"/>
        <testcase name="test_scopeFilterDates_returns_query_with_phrase_date_and_automatically_parse" file="/app/vendor/gammamatrix/playground/tests/Unit/Models/Traits/ScopeFilterDates/ModelTest.php" line="533" class="Tests\Unit\Playground\Models\Traits\ScopeFilterDates\ModelTest" classname="Tests.Unit.Playground.Models.Traits.ScopeFilterDates.ModelTest" assertions="6" time="0.005986"/>
        <testcase name="test_scopeFilterDates_with_between_filter_operator_with_parse" file="/app/vendor/gammamatrix/playground/tests/Unit/Models/Traits/ScopeFilterDates/ModelTest.php" line="574" class="Tests\Unit\Playground\Models\Traits\ScopeFilterDates\ModelTest" classname="Tests.Unit.Playground.Models.Traits.ScopeFilterDates.ModelTest" assertions="7" time="0.006603"/>
        <testcase name="test_scopeFilterDates_with_not_between_filter_operator_with_parse" file="/app/vendor/gammamatrix/playground/tests/Unit/Models/Traits/ScopeFilterDates/ModelTest.php" line="622" class="Tests\Unit\Playground\Models\Traits\ScopeFilterDates\ModelTest" classname="Tests.Unit.Playground.Models.Traits.ScopeFilterDates.ModelTest" assertions="7" time="0.006289"/>
        <testcase name="test_scopeFilterDates_with_filter_operators" file="/app/vendor/gammamatrix/playground/tests/Unit/Models/Traits/ScopeFilterDates/ModelTest.php" line="670" class="Tests\Unit\Playground\Models\Traits\ScopeFilterDates\ModelTest" classname="Tests.Unit.Playground.Models.Traits.ScopeFilterDates.ModelTest" assertions="74" time="0.013986"/>
      </testsuite>
      <testsuite name="Tests\Unit\Playground\Models\Traits\ScopeFilterFlags\ModelTest" file="/app/vendor/gammamatrix/playground/tests/Unit/Models/Traits/ScopeFilterFlags/ModelTest.php" tests="3" assertions="14" errors="0" failures="0" skipped="0" time="0.016202">
        <testcase name="test_scopeFilterFlags_returns_query_without_flags_or_filters" file="/app/vendor/gammamatrix/playground/tests/Unit/Models/Traits/ScopeFilterFlags/ModelTest.php" line="44" class="Tests\Unit\Playground\Models\Traits\ScopeFilterFlags\ModelTest" classname="Tests.Unit.Playground.Models.Traits.ScopeFilterFlags.ModelTest" assertions="2" time="0.005098"/>
        <testcase name="test_scopeFilterFlags_returns_query_without_filters" file="/app/vendor/gammamatrix/playground/tests/Unit/Models/Traits/ScopeFilterFlags/ModelTest.php" line="63" class="Tests\Unit\Playground\Models\Traits\ScopeFilterFlags\ModelTest" classname="Tests.Unit.Playground.Models.Traits.ScopeFilterFlags.ModelTest" assertions="4" time="0.005400"/>
        <testcase name="test_scopeFilterFlags_returns_query_with_filters" file="/app/vendor/gammamatrix/playground/tests/Unit/Models/Traits/ScopeFilterFlags/ModelTest.php" line="89" class="Tests\Unit\Playground\Models\Traits\ScopeFilterFlags\ModelTest" classname="Tests.Unit.Playground.Models.Traits.ScopeFilterFlags.ModelTest" assertions="8" time="0.005705"/>
      </testsuite>
      <testsuite name="Tests\Unit\Playground\Models\Traits\ScopeFilterIds\ModelTest" file="/app/vendor/gammamatrix/playground/tests/Unit/Models/Traits/ScopeFilterIds/ModelTest.php" tests="11" assertions="70" errors="0" failures="0" skipped="0" time="0.069469">
        <testcase name="test_scopeFilterIds_returns_query_without_ids_or_filters" file="/app/vendor/gammamatrix/playground/tests/Unit/Models/Traits/ScopeFilterIds/ModelTest.php" line="44" class="Tests\Unit\Playground\Models\Traits\ScopeFilterIds\ModelTest" classname="Tests.Unit.Playground.Models.Traits.ScopeFilterIds.ModelTest" assertions="2" time="0.005220"/>
        <testcase name="test_scopeFilterIds_returns_query_without_filters" file="/app/vendor/gammamatrix/playground/tests/Unit/Models/Traits/ScopeFilterIds/ModelTest.php" line="63" class="Tests\Unit\Playground\Models\Traits\ScopeFilterIds\ModelTest" classname="Tests.Unit.Playground.Models.Traits.ScopeFilterIds.ModelTest" assertions="4" time="0.005423"/>
        <testcase name="test_scopeFilterIds_returns_query_with_invalid_column" file="/app/vendor/gammamatrix/playground/tests/Unit/Models/Traits/ScopeFilterIds/ModelTest.php" line="89" class="Tests\Unit\Playground\Models\Traits\ScopeFilterIds\ModelTest" classname="Tests.Unit.Playground.Models.Traits.ScopeFilterIds.ModelTest" assertions="4" time="0.005418"/>
        <testcase name="test_scopeFilterIds_returns_query_with_null_comparison" file="/app/vendor/gammamatrix/playground/tests/Unit/Models/Traits/ScopeFilterIds/ModelTest.php" line="122" class="Tests\Unit\Playground\Models\Traits\ScopeFilterIds\ModelTest" classname="Tests.Unit.Playground.Models.Traits.ScopeFilterIds.ModelTest" assertions="4" time="0.005768"/>
        <testcase name="test_scopeFilterIds_returns_query_with_comparison" file="/app/vendor/gammamatrix/playground/tests/Unit/Models/Traits/ScopeFilterIds/ModelTest.php" line="156" class="Tests\Unit\Playground\Models\Traits\ScopeFilterIds\ModelTest" classname="Tests.Unit.Playground.Models.Traits.ScopeFilterIds.ModelTest" assertions="6" time="0.005622"/>
        <testcase name="test_scopeFilterIds_returns_query_with_filters_array" file="/app/vendor/gammamatrix/playground/tests/Unit/Models/Traits/ScopeFilterIds/ModelTest.php" line="191" class="Tests\Unit\Playground\Models\Traits\ScopeFilterIds\ModelTest" classname="Tests.Unit.Playground.Models.Traits.ScopeFilterIds.ModelTest" assertions="10" time="0.007558"/>
        <testcase name="test_scopeFilterIds_returns_query_with_filters_with_integer" file="/app/vendor/gammamatrix/playground/tests/Unit/Models/Traits/ScopeFilterIds/ModelTest.php" line="244" class="Tests\Unit\Playground\Models\Traits\ScopeFilterIds\ModelTest" classname="Tests.Unit.Playground.Models.Traits.ScopeFilterIds.ModelTest" assertions="6" time="0.005712"/>
        <testcase name="test_scopeFilterIds_returns_query_with_array_of_ids_without_type" file="/app/vendor/gammamatrix/playground/tests/Unit/Models/Traits/ScopeFilterIds/ModelTest.php" line="288" class="Tests\Unit\Playground\Models\Traits\ScopeFilterIds\ModelTest" classname="Tests.Unit.Playground.Models.Traits.ScopeFilterIds.ModelTest" assertions="10" time="0.007785"/>
        <testcase name="test_scopeFilterIds_returns_query_with_array_of_uuids_for_integer_type_ids_and_ignore" file="/app/vendor/gammamatrix/playground/tests/Unit/Models/Traits/ScopeFilterIds/ModelTest.php" line="339" class="Tests\Unit\Playground\Models\Traits\ScopeFilterIds\ModelTest" classname="Tests.Unit.Playground.Models.Traits.ScopeFilterIds.ModelTest" assertions="4" time="0.007003"/>
        <testcase name="test_scopeFilterIds_returns_query_with_array_of_integer_ids_ignore_duplicate_id" file="/app/vendor/gammamatrix/playground/tests/Unit/Models/Traits/ScopeFilterIds/ModelTest.php" line="383" class="Tests\Unit\Playground\Models\Traits\ScopeFilterIds\ModelTest" classname="Tests.Unit.Playground.Models.Traits.ScopeFilterIds.ModelTest" assertions="8" time="0.005868"/>
        <testcase name="test_scopeFilterIds_returns_query_with_filters_with_null_and_string_and_array" file="/app/vendor/gammamatrix/playground/tests/Unit/Models/Traits/ScopeFilterIds/ModelTest.php" line="432" class="Tests\Unit\Playground\Models\Traits\ScopeFilterIds\ModelTest" classname="Tests.Unit.Playground.Models.Traits.ScopeFilterIds.ModelTest" assertions="12" time="0.008093"/>
      </testsuite>
      <testsuite name="Tests\Unit\Playground\Models\Traits\ScopeFilterTrash\ModelTest" file="/app/vendor/gammamatrix/playground/tests/Unit/Models/Traits/ScopeFilterTrash/ModelTest.php" tests="3" assertions="6" errors="0" failures="0" skipped="0" time="0.015480">
        <testcase name="test_scopeFilterTrash_returns_query_with_empty_visibility" file="/app/vendor/gammamatrix/playground/tests/Unit/Models/Traits/ScopeFilterTrash/ModelTest.php" line="44" class="Tests\Unit\Playground\Models\Traits\ScopeFilterTrash\ModelTest" classname="Tests.Unit.Playground.Models.Traits.ScopeFilterTrash.ModelTest" assertions="2" time="0.005219"/>
        <testcase name="test_scopeFilterTrash_returns_query_with_trash" file="/app/vendor/gammamatrix/playground/tests/Unit/Models/Traits/ScopeFilterTrash/ModelTest.php" line="63" class="Tests\Unit\Playground\Models\Traits\ScopeFilterTrash\ModelTest" classname="Tests.Unit.Playground.Models.Traits.ScopeFilterTrash.ModelTest" assertions="2" time="0.005061"/>
        <testcase name="test_scopeFilterTrash_returns_query_with_only_trash" file="/app/vendor/gammamatrix/playground/tests/Unit/Models/Traits/ScopeFilterTrash/ModelTest.php" line="84" class="Tests\Unit\Playground\Models\Traits\ScopeFilterTrash\ModelTest" classname="Tests.Unit.Playground.Models.Traits.ScopeFilterTrash.ModelTest" assertions="2" time="0.005199"/>
      </testsuite>
      <testsuite name="Tests\Unit\Playground\Models\Traits\ScopeSort\ModelTest" file="/app/vendor/gammamatrix/playground/tests/Unit/Models/Traits/ScopeSort/ModelTest.php" tests="11" assertions="23" errors="0" failures="0" skipped="0" time="0.059393">
        <testcase name="test_scopeSort_returns_query_with_empty_sort" file="/app/vendor/gammamatrix/playground/tests/Unit/Models/Traits/ScopeSort/ModelTest.php" line="44" class="Tests\Unit\Playground\Models\Traits\ScopeSort\ModelTest" classname="Tests.Unit.Playground.Models.Traits.ScopeSort.ModelTest" assertions="3" time="0.005511"/>
        <testcase name="test_scopeSort_returns_query_with_array_boolean_sort_asc" file="/app/vendor/gammamatrix/playground/tests/Unit/Models/Traits/ScopeSort/ModelTest.php" line="65" class="Tests\Unit\Playground\Models\Traits\ScopeSort\ModelTest" classname="Tests.Unit.Playground.Models.Traits.ScopeSort.ModelTest" assertions="2" time="0.005279"/>
        <testcase name="test_scopeSort_returns_query_with_array_boolean_sort_desc" file="/app/vendor/gammamatrix/playground/tests/Unit/Models/Traits/ScopeSort/ModelTest.php" line="88" class="Tests\Unit\Playground\Models\Traits\ScopeSort\ModelTest" classname="Tests.Unit.Playground.Models.Traits.ScopeSort.ModelTest" assertions="2" time="0.005392"/>
        <testcase name="test_scopeSort_returns_query_with_array_boolean_sort_pair" file="/app/vendor/gammamatrix/playground/tests/Unit/Models/Traits/ScopeSort/ModelTest.php" line="111" class="Tests\Unit\Playground\Models\Traits\ScopeSort\ModelTest" classname="Tests.Unit.Playground.Models.Traits.ScopeSort.ModelTest" assertions="2" time="0.005351"/>
        <testcase name="test_scopeSort_returns_query_with_array_boolean_sort_triplet" file="/app/vendor/gammamatrix/playground/tests/Unit/Models/Traits/ScopeSort/ModelTest.php" line="135" class="Tests\Unit\Playground\Models\Traits\ScopeSort\ModelTest" classname="Tests.Unit.Playground.Models.Traits.ScopeSort.ModelTest" assertions="2" time="0.005301"/>
        <testcase name="test_scopeSort_returns_query_with_csv_sort_asc" file="/app/vendor/gammamatrix/playground/tests/Unit/Models/Traits/ScopeSort/ModelTest.php" line="160" class="Tests\Unit\Playground\Models\Traits\ScopeSort\ModelTest" classname="Tests.Unit.Playground.Models.Traits.ScopeSort.ModelTest" assertions="2" time="0.005240"/>
        <testcase name="test_scopeSort_returns_query_with_csv_sort_desc" file="/app/vendor/gammamatrix/playground/tests/Unit/Models/Traits/ScopeSort/ModelTest.php" line="179" class="Tests\Unit\Playground\Models\Traits\ScopeSort\ModelTest" classname="Tests.Unit.Playground.Models.Traits.ScopeSort.ModelTest" assertions="2" time="0.005345"/>
        <testcase name="test_scopeSort_returns_query_with_simple_array_asc" file="/app/vendor/gammamatrix/playground/tests/Unit/Models/Traits/ScopeSort/ModelTest.php" line="207" class="Tests\Unit\Playground\Models\Traits\ScopeSort\ModelTest" classname="Tests.Unit.Playground.Models.Traits.ScopeSort.ModelTest" assertions="2" time="0.005668"/>
        <testcase name="test_scopeSort_returns_query_with_simple_array_desc" file="/app/vendor/gammamatrix/playground/tests/Unit/Models/Traits/ScopeSort/ModelTest.php" line="228" class="Tests\Unit\Playground\Models\Traits\ScopeSort\ModelTest" classname="Tests.Unit.Playground.Models.Traits.ScopeSort.ModelTest" assertions="2" time="0.005423"/>
        <testcase name="test_scopeSort_returns_query_with_hash_array_asc" file="/app/vendor/gammamatrix/playground/tests/Unit/Models/Traits/ScopeSort/ModelTest.php" line="249" class="Tests\Unit\Playground\Models\Traits\ScopeSort\ModelTest" classname="Tests.Unit.Playground.Models.Traits.ScopeSort.ModelTest" assertions="2" time="0.005388"/>
        <testcase name="test_scopeSort_returns_query_with_hash_array_desc" file="/app/vendor/gammamatrix/playground/tests/Unit/Models/Traits/ScopeSort/ModelTest.php" line="272" class="Tests\Unit\Playground\Models\Traits\ScopeSort\ModelTest" classname="Tests.Unit.Playground.Models.Traits.ScopeSort.ModelTest" assertions="2" time="0.005494"/>
      </testsuite>
      <testsuite name="Tests\Unit\Playground\Models\User\ModelTest" file="/app/vendor/gammamatrix/playground/tests/Unit/Models/User/ModelTest.php" tests="4" assertions="39" errors="0" failures="0" skipped="0" time="0.072230">
        <testcase name="test_add_has_and_remove_Abilities" file="/app/vendor/gammamatrix/playground/tests/Unit/Models/User/ModelTest.php" line="15" class="Tests\Unit\Playground\Models\User\ModelTest" classname="Tests.Unit.Playground.Models.User.ModelTest" assertions="9" time="0.054904"/>
        <testcase name="test_add_has_and_remove_Privileges" file="/app/vendor/gammamatrix/playground/tests/Unit/Models/User/ModelTest.php" line="49" class="Tests\Unit\Playground\Models\User\ModelTest" classname="Tests.Unit.Playground.Models.User.ModelTest" assertions="9" time="0.005522"/>
        <testcase name="test_add_has_and_remove_Roles" file="/app/vendor/gammamatrix/playground/tests/Unit/Models/User/ModelTest.php" line="83" class="Tests\Unit\Playground\Models\User\ModelTest" classname="Tests.Unit.Playground.Models.User.ModelTest" assertions="15" time="0.006144"/>
        <testcase name="test_isAdmin_with_admins_and_users" file="/app/vendor/gammamatrix/playground/tests/Unit/Models/User/ModelTest.php" line="144" class="Tests\Unit\Playground\Models\User\ModelTest" classname="Tests.Unit.Playground.Models.User.ModelTest" assertions="6" time="0.005660"/>
      </testsuite>
      <testsuite name="Tests\Unit\Playground\Blade\View\Components\Forms\Column\ComponentTest" file="/app/vendor/gammamatrix/playground-blade/tests/Unit/View/Components/Forms/Column/ComponentTest.php" tests="5" assertions="23" errors="0" failures="0" skipped="0" time="0.081994">
        <testcase name="test_component_instance" file="/app/vendor/gammamatrix/playground-blade/tests/Unit/View/Components/Forms/Column/ComponentTest.php" line="28" class="Tests\Unit\Playground\Blade\View\Components\Forms\Column\ComponentTest" classname="Tests.Unit.Playground.Blade.View.Components.Forms.Column.ComponentTest" assertions="2" time="0.031392"/>
        <testcase name="test_component_can_render_view_without_parameters" file="/app/vendor/gammamatrix/playground-blade/tests/Unit/View/Components/Forms/Column/ComponentTest.php" line="36" class="Tests\Unit\Playground\Blade\View\Components\Forms\Column\ComponentTest" classname="Tests.Unit.Playground.Blade.View.Components.Forms.Column.ComponentTest" assertions="2" time="0.023565"/>
        <testcase name="test_component_can_render_view_without_label_on_title_column" file="/app/vendor/gammamatrix/playground-blade/tests/Unit/View/Components/Forms/Column/ComponentTest.php" line="47" class="Tests\Unit\Playground\Blade\View\Components\Forms\Column\ComponentTest" classname="Tests.Unit.Playground.Blade.View.Components.Forms.Column.ComponentTest" assertions="5" time="0.008305"/>
        <testcase name="test_component_can_render_view_with_label_on_title_column" file="/app/vendor/gammamatrix/playground-blade/tests/Unit/View/Components/Forms/Column/ComponentTest.php" line="64" class="Tests\Unit\Playground\Blade\View\Components\Forms\Column\ComponentTest" classname="Tests.Unit.Playground.Blade.View.Components.Forms.Column.ComponentTest" assertions="6" time="0.009911"/>
        <testcase name="test_component_can_render_view_with_label_on_title_column_with_error" file="/app/vendor/gammamatrix/playground-blade/tests/Unit/View/Components/Forms/Column/ComponentTest.php" line="84" class="Tests\Unit\Playground\Blade\View\Components\Forms\Column\ComponentTest" classname="Tests.Unit.Playground.Blade.View.Components.Forms.Column.ComponentTest" assertions="8" time="0.008820"/>
      </testsuite>
      <testsuite name="Tests\Unit\Playground\Blade\View\Components\Forms\ColumnEditor\ComponentTest" file="/app/vendor/gammamatrix/playground-blade/tests/Unit/View/Components/Forms/ColumnEditor/ComponentTest.php" tests="4" assertions="19" errors="0" failures="0" skipped="0" time="0.038077">
        <testcase name="test_component_instance" file="/app/vendor/gammamatrix/playground-blade/tests/Unit/View/Components/Forms/ColumnEditor/ComponentTest.php" line="28" class="Tests\Unit\Playground\Blade\View\Components\Forms\ColumnEditor\ComponentTest" classname="Tests.Unit.Playground.Blade.View.Components.Forms.ColumnEditor.ComponentTest" assertions="2" time="0.009638"/>
        <testcase name="test_component_can_render_view_without_parameters" file="/app/vendor/gammamatrix/playground-blade/tests/Unit/View/Components/Forms/ColumnEditor/ComponentTest.php" line="36" class="Tests\Unit\Playground\Blade\View\Components\Forms\ColumnEditor\ComponentTest" classname="Tests.Unit.Playground.Blade.View.Components.Forms.ColumnEditor.ComponentTest" assertions="3" time="0.011665"/>
        <testcase name="test_component_can_render_view_with_content_textarea" file="/app/vendor/gammamatrix/playground-blade/tests/Unit/View/Components/Forms/ColumnEditor/ComponentTest.php" line="44" class="Tests\Unit\Playground\Blade\View\Components\Forms\ColumnEditor\ComponentTest" classname="Tests.Unit.Playground.Blade.View.Components.Forms.ColumnEditor.ComponentTest" assertions="7" time="0.008310"/>
        <testcase name="test_component_can_render_view_with_content_textarea_and_described" file="/app/vendor/gammamatrix/playground-blade/tests/Unit/View/Components/Forms/ColumnEditor/ComponentTest.php" line="63" class="Tests\Unit\Playground\Blade\View\Components\Forms\ColumnEditor\ComponentTest" classname="Tests.Unit.Playground.Blade.View.Components.Forms.ColumnEditor.ComponentTest" assertions="7" time="0.008464"/>
      </testsuite>
      <testsuite name="Tests\Unit\Playground\Blade\View\Components\Forms\ColumnSelect\ComponentTest" file="/app/vendor/gammamatrix/playground-blade/tests/Unit/View/Components/Forms/ColumnSelect/ComponentTest.php" tests="3" assertions="9" errors="0" failures="0" skipped="0" time="0.039503">
        <testcase name="test_component_instance" file="/app/vendor/gammamatrix/playground-blade/tests/Unit/View/Components/Forms/ColumnSelect/ComponentTest.php" line="28" class="Tests\Unit\Playground\Blade\View\Components\Forms\ColumnSelect\ComponentTest" classname="Tests.Unit.Playground.Blade.View.Components.Forms.ColumnSelect.ComponentTest" assertions="2" time="0.011655"/>
        <testcase name="test_component_can_render_view_without_parameters" file="/app/vendor/gammamatrix/playground-blade/tests/Unit/View/Components/Forms/ColumnSelect/ComponentTest.php" line="36" class="Tests\Unit\Playground\Blade\View\Components\Forms\ColumnSelect\ComponentTest" classname="Tests.Unit.Playground.Blade.View.Components.Forms.ColumnSelect.ComponentTest" assertions="3" time="0.019623"/>
        <testcase name="test_component_can_render_view_with_select" file="/app/vendor/gammamatrix/playground-blade/tests/Unit/View/Components/Forms/ColumnSelect/ComponentTest.php" line="44" class="Tests\Unit\Playground\Blade\View\Components\Forms\ColumnSelect\ComponentTest" classname="Tests.Unit.Playground.Blade.View.Components.Forms.ColumnSelect.ComponentTest" assertions="4" time="0.008225"/>
      </testsuite>
      <testsuite name="Tests\Unit\Playground\Blade\View\Components\ModelFlag\ComponentTest" file="/app/vendor/gammamatrix/playground-blade/tests/Unit/View/Components/ModelFlag/ComponentTest.php" tests="5" assertions="15" errors="0" failures="0" skipped="0" time="0.041311">
        <testcase name="test_component_instance" file="/app/vendor/gammamatrix/playground-blade/tests/Unit/View/Components/ModelFlag/ComponentTest.php" line="28" class="Tests\Unit\Playground\Blade\View\Components\ModelFlag\ComponentTest" classname="Tests.Unit.Playground.Blade.View.Components.ModelFlag.ComponentTest" assertions="2" time="0.007976"/>
        <testcase name="test_component_renders_empty_view_without_labels_or_classes" file="/app/vendor/gammamatrix/playground-blade/tests/Unit/View/Components/ModelFlag/ComponentTest.php" line="38" class="Tests\Unit\Playground\Blade\View\Components\ModelFlag\ComponentTest" classname="Tests.Unit.Playground.Blade.View.Components.ModelFlag.ComponentTest" assertions="1" time="0.009710"/>
        <testcase name="test_component_can_render_view_with_true_value" file="/app/vendor/gammamatrix/playground-blade/tests/Unit/View/Components/ModelFlag/ComponentTest.php" line="54" class="Tests\Unit\Playground\Blade\View\Components\ModelFlag\ComponentTest" classname="Tests.Unit.Playground.Blade.View.Components.ModelFlag.ComponentTest" assertions="4" time="0.007770"/>
        <testcase name="test_component_can_render_view_with_false_value" file="/app/vendor/gammamatrix/playground-blade/tests/Unit/View/Components/ModelFlag/ComponentTest.php" line="73" class="Tests\Unit\Playground\Blade\View\Components\ModelFlag\ComponentTest" classname="Tests.Unit.Playground.Blade.View.Components.ModelFlag.ComponentTest" assertions="4" time="0.008114"/>
        <testcase name="test_component_can_render_view_with_null_value" file="/app/vendor/gammamatrix/playground-blade/tests/Unit/View/Components/ModelFlag/ComponentTest.php" line="92" class="Tests\Unit\Playground\Blade\View\Components\ModelFlag\ComponentTest" classname="Tests.Unit.Playground.Blade.View.Components.ModelFlag.ComponentTest" assertions="4" time="0.007741"/>
      </testsuite>
      <testsuite name="Tests\Unit\Playground\Blade\View\Components\Table\Data\ComponentTest" file="/app/vendor/gammamatrix/playground-blade/tests/Unit/View/Components/Table/Data/ComponentTest.php" tests="2" assertions="3" errors="0" failures="0" skipped="0" time="0.034554">
        <testcase name="test_component_instance" file="/app/vendor/gammamatrix/playground-blade/tests/Unit/View/Components/Table/Data/ComponentTest.php" line="28" class="Tests\Unit\Playground\Blade\View\Components\Table\Data\ComponentTest" classname="Tests.Unit.Playground.Blade.View.Components.Table.Data.ComponentTest" assertions="2" time="0.014312"/>
        <testcase name="test_component_can_render_view" file="/app/vendor/gammamatrix/playground-blade/tests/Unit/View/Components/Table/Data/ComponentTest.php" line="36" class="Tests\Unit\Playground\Blade\View\Components\Table\Data\ComponentTest" classname="Tests.Unit.Playground.Blade.View.Components.Table.Data.ComponentTest" assertions="1" time="0.020242"/>
      </testsuite>
      <testsuite name="Tests\Unit\Playground\Auth\Console\Commands\HashPassword\CommandTest" file="/app/vendor/gammamatrix/playground-auth/tests/Unit/Console/Commands/HashPassword/CommandTest.php" tests="3" assertions="5" errors="0" failures="0" skipped="0" time="0.124468">
        <testcase name="test_command_auth_hash_password_with_json" file="/app/vendor/gammamatrix/playground-auth/tests/Unit/Console/Commands/HashPassword/CommandTest.php" line="15" class="Tests\Unit\Playground\Auth\Console\Commands\HashPassword\CommandTest" classname="Tests.Unit.Playground.Auth.Console.Commands.HashPassword.CommandTest" assertions="2" time="0.106595"/>
        <testcase name="test_command_auth_hash_password" file="/app/vendor/gammamatrix/playground-auth/tests/Unit/Console/Commands/HashPassword/CommandTest.php" line="27" class="Tests\Unit\Playground\Auth\Console\Commands\HashPassword\CommandTest" classname="Tests.Unit.Playground.Auth.Console.Commands.HashPassword.CommandTest" assertions="1" time="0.009627"/>
        <testcase name="test_command_auth_hash_password_without_argument_and_fail" file="/app/vendor/gammamatrix/playground-auth/tests/Unit/Console/Commands/HashPassword/CommandTest.php" line="36" class="Tests\Unit\Playground\Auth\Console\Commands\HashPassword\CommandTest" classname="Tests.Unit.Playground.Auth.Console.Commands.HashPassword.CommandTest" assertions="2" time="0.008246"/>
      </testsuite>
      <testsuite name="Tests\Unit\Playground\Auth\Policies\ModelPolicy\AbstractRoleTest" file="/app/vendor/gammamatrix/playground-auth/tests/Unit/Policies/ModelPolicy/AbstractRoleTest.php" tests="24" assertions="30" errors="0" failures="0" skipped="0" time="0.266346">
        <testcase name="test_create_without_role" file="/app/vendor/gammamatrix/playground-auth/tests/Unit/Policies/ModelPolicy/AbstractRoleTest.php" line="30" class="Tests\Unit\Playground\Auth\Policies\ModelPolicy\AbstractRoleTest" classname="Tests.Unit.Playground.Auth.Policies.ModelPolicy.AbstractRoleTest" assertions="1" time="0.088939"/>
        <testcase name="test_create_with_admin" file="/app/vendor/gammamatrix/playground-auth/tests/Unit/Policies/ModelPolicy/AbstractRoleTest.php" line="42" class="Tests\Unit\Playground\Auth\Policies\ModelPolicy\AbstractRoleTest" classname="Tests.Unit.Playground.Auth.Policies.ModelPolicy.AbstractRoleTest" assertions="1" time="0.007516"/>
        <testcase name="test_delete_without_role" file="/app/vendor/gammamatrix/playground-auth/tests/Unit/Policies/ModelPolicy/AbstractRoleTest.php" line="61" class="Tests\Unit\Playground\Auth\Policies\ModelPolicy\AbstractRoleTest" classname="Tests.Unit.Playground.Auth.Policies.ModelPolicy.AbstractRoleTest" assertions="1" time="0.007907"/>
        <testcase name="test_delete_with_admin" file="/app/vendor/gammamatrix/playground-auth/tests/Unit/Policies/ModelPolicy/AbstractRoleTest.php" line="75" class="Tests\Unit\Playground\Auth\Policies\ModelPolicy\AbstractRoleTest" classname="Tests.Unit.Playground.Auth.Policies.ModelPolicy.AbstractRoleTest" assertions="1" time="0.007580"/>
        <testcase name="test_delete_locked_with_admin" file="/app/vendor/gammamatrix/playground-auth/tests/Unit/Policies/ModelPolicy/AbstractRoleTest.php" line="97" class="Tests\Unit\Playground\Auth\Policies\ModelPolicy\AbstractRoleTest" classname="Tests.Unit.Playground.Auth.Policies.ModelPolicy.AbstractRoleTest" assertions="4" time="0.007821"/>
        <testcase name="test_detail_without_role" file="/app/vendor/gammamatrix/playground-auth/tests/Unit/Policies/ModelPolicy/AbstractRoleTest.php" line="134" class="Tests\Unit\Playground\Auth\Policies\ModelPolicy\AbstractRoleTest" classname="Tests.Unit.Playground.Auth.Policies.ModelPolicy.AbstractRoleTest" assertions="1" time="0.008000"/>
        <testcase name="test_detail_with_admin" file="/app/vendor/gammamatrix/playground-auth/tests/Unit/Policies/ModelPolicy/AbstractRoleTest.php" line="148" class="Tests\Unit\Playground\Auth\Policies\ModelPolicy\AbstractRoleTest" classname="Tests.Unit.Playground.Auth.Policies.ModelPolicy.AbstractRoleTest" assertions="1" time="0.007246"/>
        <testcase name="test_edit_without_role" file="/app/vendor/gammamatrix/playground-auth/tests/Unit/Policies/ModelPolicy/AbstractRoleTest.php" line="170" class="Tests\Unit\Playground\Auth\Policies\ModelPolicy\AbstractRoleTest" classname="Tests.Unit.Playground.Auth.Policies.ModelPolicy.AbstractRoleTest" assertions="1" time="0.007812"/>
        <testcase name="test_edit_with_admin" file="/app/vendor/gammamatrix/playground-auth/tests/Unit/Policies/ModelPolicy/AbstractRoleTest.php" line="184" class="Tests\Unit\Playground\Auth\Policies\ModelPolicy\AbstractRoleTest" classname="Tests.Unit.Playground.Auth.Policies.ModelPolicy.AbstractRoleTest" assertions="1" time="0.007941"/>
        <testcase name="test_forceDelete_without_role" file="/app/vendor/gammamatrix/playground-auth/tests/Unit/Policies/ModelPolicy/AbstractRoleTest.php" line="206" class="Tests\Unit\Playground\Auth\Policies\ModelPolicy\AbstractRoleTest" classname="Tests.Unit.Playground.Auth.Policies.ModelPolicy.AbstractRoleTest" assertions="1" time="0.008440"/>
        <testcase name="test_forceDelete_with_admin" file="/app/vendor/gammamatrix/playground-auth/tests/Unit/Policies/ModelPolicy/AbstractRoleTest.php" line="220" class="Tests\Unit\Playground\Auth\Policies\ModelPolicy\AbstractRoleTest" classname="Tests.Unit.Playground.Auth.Policies.ModelPolicy.AbstractRoleTest" assertions="1" time="0.007394"/>
        <testcase name="test_lock_without_role" file="/app/vendor/gammamatrix/playground-auth/tests/Unit/Policies/ModelPolicy/AbstractRoleTest.php" line="242" class="Tests\Unit\Playground\Auth\Policies\ModelPolicy\AbstractRoleTest" classname="Tests.Unit.Playground.Auth.Policies.ModelPolicy.AbstractRoleTest" assertions="1" time="0.007911"/>
        <testcase name="test_lock_with_admin" file="/app/vendor/gammamatrix/playground-auth/tests/Unit/Policies/ModelPolicy/AbstractRoleTest.php" line="256" class="Tests\Unit\Playground\Auth\Policies\ModelPolicy\AbstractRoleTest" classname="Tests.Unit.Playground.Auth.Policies.ModelPolicy.AbstractRoleTest" assertions="1" time="0.008367"/>
        <testcase name="test_manage_without_role" file="/app/vendor/gammamatrix/playground-auth/tests/Unit/Policies/ModelPolicy/AbstractRoleTest.php" line="278" class="Tests\Unit\Playground\Auth\Policies\ModelPolicy\AbstractRoleTest" classname="Tests.Unit.Playground.Auth.Policies.ModelPolicy.AbstractRoleTest" assertions="1" time="0.007742"/>
        <testcase name="test_manage_with_admin" file="/app/vendor/gammamatrix/playground-auth/tests/Unit/Policies/ModelPolicy/AbstractRoleTest.php" line="292" class="Tests\Unit\Playground\Auth\Policies\ModelPolicy\AbstractRoleTest" classname="Tests.Unit.Playground.Auth.Policies.ModelPolicy.AbstractRoleTest" assertions="1" time="0.007396"/>
        <testcase name="test_restore_without_role" file="/app/vendor/gammamatrix/playground-auth/tests/Unit/Policies/ModelPolicy/AbstractRoleTest.php" line="314" class="Tests\Unit\Playground\Auth\Policies\ModelPolicy\AbstractRoleTest" classname="Tests.Unit.Playground.Auth.Policies.ModelPolicy.AbstractRoleTest" assertions="1" time="0.007758"/>
        <testcase name="test_restore_with_admin" file="/app/vendor/gammamatrix/playground-auth/tests/Unit/Policies/ModelPolicy/AbstractRoleTest.php" line="328" class="Tests\Unit\Playground\Auth\Policies\ModelPolicy\AbstractRoleTest" classname="Tests.Unit.Playground.Auth.Policies.ModelPolicy.AbstractRoleTest" assertions="1" time="0.007459"/>
        <testcase name="test_store_without_role" file="/app/vendor/gammamatrix/playground-auth/tests/Unit/Policies/ModelPolicy/AbstractRoleTest.php" line="350" class="Tests\Unit\Playground\Auth\Policies\ModelPolicy\AbstractRoleTest" classname="Tests.Unit.Playground.Auth.Policies.ModelPolicy.AbstractRoleTest" assertions="1" time="0.007910"/>
        <testcase name="test_store_with_admin" file="/app/vendor/gammamatrix/playground-auth/tests/Unit/Policies/ModelPolicy/AbstractRoleTest.php" line="362" class="Tests\Unit\Playground\Auth\Policies\ModelPolicy\AbstractRoleTest" classname="Tests.Unit.Playground.Auth.Policies.ModelPolicy.AbstractRoleTest" assertions="1" time="0.007367"/>
        <testcase name="test_update_without_role" file="/app/vendor/gammamatrix/playground-auth/tests/Unit/Policies/ModelPolicy/AbstractRoleTest.php" line="382" class="Tests\Unit\Playground\Auth\Policies\ModelPolicy\AbstractRoleTest" classname="Tests.Unit.Playground.Auth.Policies.ModelPolicy.AbstractRoleTest" assertions="1" time="0.007876"/>
        <testcase name="test_update_with_admin" file="/app/vendor/gammamatrix/playground-auth/tests/Unit/Policies/ModelPolicy/AbstractRoleTest.php" line="396" class="Tests\Unit\Playground\Auth\Policies\ModelPolicy\AbstractRoleTest" classname="Tests.Unit.Playground.Auth.Policies.ModelPolicy.AbstractRoleTest" assertions="1" time="0.007288"/>
        <testcase name="test_update_locked_with_admin" file="/app/vendor/gammamatrix/playground-auth/tests/Unit/Policies/ModelPolicy/AbstractRoleTest.php" line="418" class="Tests\Unit\Playground\Auth\Policies\ModelPolicy\AbstractRoleTest" classname="Tests.Unit.Playground.Auth.Policies.ModelPolicy.AbstractRoleTest" assertions="4" time="0.007472"/>
        <testcase name="test_unlock_without_role" file="/app/vendor/gammamatrix/playground-auth/tests/Unit/Policies/ModelPolicy/AbstractRoleTest.php" line="455" class="Tests\Unit\Playground\Auth\Policies\ModelPolicy\AbstractRoleTest" classname="Tests.Unit.Playground.Auth.Policies.ModelPolicy.AbstractRoleTest" assertions="1" time="0.007840"/>
        <testcase name="test_unlock_with_admin" file="/app/vendor/gammamatrix/playground-auth/tests/Unit/Policies/ModelPolicy/AbstractRoleTest.php" line="469" class="Tests\Unit\Playground\Auth\Policies\ModelPolicy\AbstractRoleTest" classname="Tests.Unit.Playground.Auth.Policies.ModelPolicy.AbstractRoleTest" assertions="1" time="0.007363"/>
      </testsuite>
      <testsuite name="Tests\Unit\Playground\Auth\Policies\Policy\AbstractTest" file="/app/vendor/gammamatrix/playground-auth/tests/Unit/Policies/Policy/AbstractTest.php" tests="7" assertions="7" errors="0" failures="0" skipped="0" time="0.054541">
        <testcase name="test_before_with_root" file="/app/vendor/gammamatrix/playground-auth/tests/Unit/Policies/Policy/AbstractTest.php" line="30" class="Tests\Unit\Playground\Auth\Policies\Policy\AbstractTest" classname="Tests.Unit.Playground.Auth.Policies.Policy.AbstractTest" assertions="1" time="0.007736"/>
        <testcase name="test_before_with_root_as_secondary_fails" file="/app/vendor/gammamatrix/playground-auth/tests/Unit/Policies/Policy/AbstractTest.php" line="51" class="Tests\Unit\Playground\Auth\Policies\Policy\AbstractTest" classname="Tests.Unit.Playground.Auth.Policies.Policy.AbstractTest" assertions="1" time="0.007253"/>
        <testcase name="test_index_without_role" file="/app/vendor/gammamatrix/playground-auth/tests/Unit/Policies/Policy/AbstractTest.php" line="75" class="Tests\Unit\Playground\Auth\Policies\Policy\AbstractTest" classname="Tests.Unit.Playground.Auth.Policies.Policy.AbstractTest" assertions="1" time="0.008213"/>
        <testcase name="test_index_with_admin" file="/app/vendor/gammamatrix/playground-auth/tests/Unit/Policies/Policy/AbstractTest.php" line="87" class="Tests\Unit\Playground\Auth\Policies\Policy\AbstractTest" classname="Tests.Unit.Playground.Auth.Policies.Policy.AbstractTest" assertions="1" time="0.007543"/>
        <testcase name="test_view_without_role" file="/app/vendor/gammamatrix/playground-auth/tests/Unit/Policies/Policy/AbstractTest.php" line="106" class="Tests\Unit\Playground\Auth\Policies\Policy\AbstractTest" classname="Tests.Unit.Playground.Auth.Policies.Policy.AbstractTest" assertions="1" time="0.007898"/>
        <testcase name="test_view_with_admin" file="/app/vendor/gammamatrix/playground-auth/tests/Unit/Policies/Policy/AbstractTest.php" line="118" class="Tests\Unit\Playground\Auth\Policies\Policy\AbstractTest" classname="Tests.Unit.Playground.Auth.Policies.Policy.AbstractTest" assertions="1" time="0.007431"/>
        <testcase name="test_view_with_admin_in_roles" file="/app/vendor/gammamatrix/playground-auth/tests/Unit/Policies/Policy/AbstractTest.php" line="139" class="Tests\Unit\Playground\Auth\Policies\Policy\AbstractTest" classname="Tests.Unit.Playground.Auth.Policies.Policy.AbstractTest" assertions="1" time="0.008468"/>
      </testsuite>
      <testsuite name="Tests\Unit\Playground\Auth\Policies\PolicyTrait\TraitTest" file="/app/vendor/gammamatrix/playground-auth/tests/Unit/Policies/PolicyTrait/TraitTest.php" tests="9" assertions="11" errors="0" failures="0" skipped="0" time="0.050433">
        <testcase name="test_getEntity" file="/app/vendor/gammamatrix/playground-auth/tests/Unit/Policies/PolicyTrait/TraitTest.php" line="18" class="Tests\Unit\Playground\Auth\Policies\PolicyTrait\TraitTest" classname="Tests.Unit.Playground.Auth.Policies.PolicyTrait.TraitTest" assertions="1" time="0.004499"/>
        <testcase name="test_getPackage" file="/app/vendor/gammamatrix/playground-auth/tests/Unit/Policies/PolicyTrait/TraitTest.php" line="24" class="Tests\Unit\Playground\Auth\Policies\PolicyTrait\TraitTest" classname="Tests.Unit.Playground.Auth.Policies.PolicyTrait.TraitTest" assertions="1" time="0.004151"/>
        <testcase name="test_hasToken" file="/app/vendor/gammamatrix/playground-auth/tests/Unit/Policies/PolicyTrait/TraitTest.php" line="30" class="Tests\Unit\Playground\Auth\Policies\PolicyTrait\TraitTest" classname="Tests.Unit.Playground.Auth.Policies.PolicyTrait.TraitTest" assertions="1" time="0.004137"/>
        <testcase name="test_getToken" file="/app/vendor/gammamatrix/playground-auth/tests/Unit/Policies/PolicyTrait/TraitTest.php" line="36" class="Tests\Unit\Playground\Auth\Policies\PolicyTrait\TraitTest" classname="Tests.Unit.Playground.Auth.Policies.PolicyTrait.TraitTest" assertions="1" time="0.004261"/>
        <testcase name="test_setToken" file="/app/vendor/gammamatrix/playground-auth/tests/Unit/Policies/PolicyTrait/TraitTest.php" line="42" class="Tests\Unit\Playground\Auth\Policies\PolicyTrait\TraitTest" classname="Tests.Unit.Playground.Auth.Policies.PolicyTrait.TraitTest" assertions="1" time="0.003924"/>
        <testcase name="test_verify" file="/app/vendor/gammamatrix/playground-auth/tests/Unit/Policies/PolicyTrait/TraitTest.php" line="48" class="Tests\Unit\Playground\Auth\Policies\PolicyTrait\TraitTest" classname="Tests.Unit.Playground.Auth.Policies.PolicyTrait.TraitTest" assertions="3" time="0.008133"/>
        <testcase name="test_verify_privileges" file="/app/vendor/gammamatrix/playground-auth/tests/Unit/Policies/PolicyTrait/TraitTest.php" line="79" class="Tests\Unit\Playground\Auth\Policies\PolicyTrait\TraitTest" classname="Tests.Unit.Playground.Auth.Policies.PolicyTrait.TraitTest" assertions="1" time="0.007182"/>
        <testcase name="test_verify_roles" file="/app/vendor/gammamatrix/playground-auth/tests/Unit/Policies/PolicyTrait/TraitTest.php" line="100" class="Tests\Unit\Playground\Auth\Policies\PolicyTrait\TraitTest" classname="Tests.Unit.Playground.Auth.Policies.PolicyTrait.TraitTest" assertions="1" time="0.007314"/>
        <testcase name="test_verify_user" file="/app/vendor/gammamatrix/playground-auth/tests/Unit/Policies/PolicyTrait/TraitTest.php" line="121" class="Tests\Unit\Playground\Auth\Policies\PolicyTrait\TraitTest" classname="Tests.Unit.Playground.Auth.Policies.PolicyTrait.TraitTest" assertions="1" time="0.006832"/>
      </testsuite>
      <testsuite name="Tests\Unit\Playground\Auth\Policies\PrivilegeTrait\TraitTest" file="/app/vendor/gammamatrix/playground-auth/tests/Unit/Policies/PrivilegeTrait/TraitTest.php" tests="9" assertions="9" errors="0" failures="0" skipped="0" time="0.053725">
        <testcase name="test_privilege_PrivilegePolicy_without_parameter" file="/app/vendor/gammamatrix/playground-auth/tests/Unit/Policies/PrivilegeTrait/TraitTest.php" line="21" class="Tests\Unit\Playground\Auth\Policies\PrivilegeTrait\TraitTest" classname="Tests.Unit.Playground.Auth.Policies.PrivilegeTrait.TraitTest" assertions="1" time="0.004333"/>
        <testcase name="test_privilege_PrivilegeModelPolicy_without_parameter" file="/app/vendor/gammamatrix/playground-auth/tests/Unit/Policies/PrivilegeTrait/TraitTest.php" line="30" class="Tests\Unit\Playground\Auth\Policies\PrivilegeTrait\TraitTest" classname="Tests.Unit.Playground.Auth.Policies.PrivilegeTrait.TraitTest" assertions="1" time="0.004327"/>
        <testcase name="test_privilege_UserPolicy_without_parameter" file="/app/vendor/gammamatrix/playground-auth/tests/Unit/Policies/PrivilegeTrait/TraitTest.php" line="39" class="Tests\Unit\Playground\Auth\Policies\PrivilegeTrait\TraitTest" classname="Tests.Unit.Playground.Auth.Policies.PrivilegeTrait.TraitTest" assertions="1" time="0.004308"/>
        <testcase name="test_privilege_with_package_and_without_parameter" file="/app/vendor/gammamatrix/playground-auth/tests/Unit/Policies/PrivilegeTrait/TraitTest.php" line="48" class="Tests\Unit\Playground\Auth\Policies\PrivilegeTrait\TraitTest" classname="Tests.Unit.Playground.Auth.Policies.PrivilegeTrait.TraitTest" assertions="1" time="0.003991"/>
        <testcase name="test_privilege_with_package_and_entity_and_without_parameter" file="/app/vendor/gammamatrix/playground-auth/tests/Unit/Policies/PrivilegeTrait/TraitTest.php" line="57" class="Tests\Unit\Playground\Auth\Policies\PrivilegeTrait\TraitTest" classname="Tests.Unit.Playground.Auth.Policies.PrivilegeTrait.TraitTest" assertions="1" time="0.003939"/>
        <testcase name="test_hasPrivilege" file="/app/vendor/gammamatrix/playground-auth/tests/Unit/Policies/PrivilegeTrait/TraitTest.php" line="66" class="Tests\Unit\Playground\Auth\Policies\PrivilegeTrait\TraitTest" classname="Tests.Unit.Playground.Auth.Policies.PrivilegeTrait.TraitTest" assertions="1" time="0.009323"/>
        <testcase name="test_hasPrivilege_with_user_hasPrivilege" file="/app/vendor/gammamatrix/playground-auth/tests/Unit/Policies/PrivilegeTrait/TraitTest.php" line="85" class="Tests\Unit\Playground\Auth\Policies\PrivilegeTrait\TraitTest" classname="Tests.Unit.Playground.Auth.Policies.PrivilegeTrait.TraitTest" assertions="1" time="0.009405"/>
        <testcase name="test_hasPrivilege_with_user_privileges" file="/app/vendor/gammamatrix/playground-auth/tests/Unit/Policies/PrivilegeTrait/TraitTest.php" line="105" class="Tests\Unit\Playground\Auth\Policies\PrivilegeTrait\TraitTest" classname="Tests.Unit.Playground.Auth.Policies.PrivilegeTrait.TraitTest" assertions="1" time="0.007033"/>
        <testcase name="test_hasPrivilege_without_privileges_enabled" file="/app/vendor/gammamatrix/playground-auth/tests/Unit/Policies/PrivilegeTrait/TraitTest.php" line="125" class="Tests\Unit\Playground\Auth\Policies\PrivilegeTrait\TraitTest" classname="Tests.Unit.Playground.Auth.Policies.PrivilegeTrait.TraitTest" assertions="1" time="0.007066"/>
      </testsuite>
      <testsuite name="Tests\Unit\Playground\Auth\Policies\RoleTrait\TraitTest" file="/app/vendor/gammamatrix/playground-auth/tests/Unit/Policies/RoleTrait/TraitTest.php" tests="5" assertions="5" errors="0" failures="0" skipped="0" time="0.028774">
        <testcase name="test_getRolesForAdmin" file="/app/vendor/gammamatrix/playground-auth/tests/Unit/Policies/RoleTrait/TraitTest.php" line="18" class="Tests\Unit\Playground\Auth\Policies\RoleTrait\TraitTest" classname="Tests.Unit.Playground.Auth.Policies.RoleTrait.TraitTest" assertions="1" time="0.004258"/>
        <testcase name="test_getRolesForAction" file="/app/vendor/gammamatrix/playground-auth/tests/Unit/Policies/RoleTrait/TraitTest.php" line="31" class="Tests\Unit\Playground\Auth\Policies\RoleTrait\TraitTest" classname="Tests.Unit.Playground.Auth.Policies.RoleTrait.TraitTest" assertions="1" time="0.003835"/>
        <testcase name="test_getRolesToView" file="/app/vendor/gammamatrix/playground-auth/tests/Unit/Policies/RoleTrait/TraitTest.php" line="44" class="Tests\Unit\Playground\Auth\Policies\RoleTrait\TraitTest" classname="Tests.Unit.Playground.Auth.Policies.RoleTrait.TraitTest" assertions="1" time="0.005661"/>
        <testcase name="test_hasRole" file="/app/vendor/gammamatrix/playground-auth/tests/Unit/Policies/RoleTrait/TraitTest.php" line="57" class="Tests\Unit\Playground\Auth\Policies\RoleTrait\TraitTest" classname="Tests.Unit.Playground.Auth.Policies.RoleTrait.TraitTest" assertions="1" time="0.007637"/>
        <testcase name="test_hasRole_advanced_role" file="/app/vendor/gammamatrix/playground-auth/tests/Unit/Policies/RoleTrait/TraitTest.php" line="73" class="Tests\Unit\Playground\Auth\Policies\RoleTrait\TraitTest" classname="Tests.Unit.Playground.Auth.Policies.RoleTrait.TraitTest" assertions="1" time="0.007383"/>
      </testsuite>
      <testsuite name="Tests\Unit\Playground\Test\Models\AbstractUser\ModelTest" file="/app/vendor/gammamatrix/playground-test/tests/Unit/Models/AbstractUser/ModelTest.php" tests="1" assertions="2" errors="0" failures="0" skipped="0" time="0.016861">
        <testcase name="test_getAttributes" file="/app/vendor/gammamatrix/playground-test/tests/Unit/Models/AbstractUser/ModelTest.php" line="18" class="Tests\Unit\Playground\Test\Models\AbstractUser\ModelTest" classname="Tests.Unit.Playground.Test.Models.AbstractUser.ModelTest" assertions="2" time="0.016861"/>
      </testsuite>
      <testsuite name="Tests\Unit\Playground\Test\Models\ModelCase\ModelTest" file="/app/vendor/gammamatrix/playground-test/tests/Unit/Models/ModelCase/ModelTest.php" tests="2" assertions="6" errors="0" failures="0" skipped="0" time="0.008646">
        <testcase name="test_model_instance" file="/app/vendor/gammamatrix/playground-test/src/Unit/Models/ModelCase.php" line="100" class="Tests\Unit\Playground\Test\Models\ModelCase\ModelTest" classname="Tests.Unit.Playground.Test.Models.ModelCase.ModelTest" assertions="1" time="0.004345"/>
        <testcase name="test_verify_model_relationships" file="/app/vendor/gammamatrix/playground-test/src/Unit/Models/ModelCase.php" line="261" class="Tests\Unit\Playground\Test\Models\ModelCase\ModelTest" classname="Tests.Unit.Playground.Test.Models.ModelCase.ModelTest" assertions="5" time="0.004300"/>
      </testsuite>
      <testsuite name="Tests\Unit\Playground\Test\Models\User\ModelTest" file="/app/vendor/gammamatrix/playground-test/tests/Unit/Models/User/ModelTest.php" tests="1" assertions="2" errors="0" failures="0" skipped="0" time="0.004605">
        <testcase name="test_getAttributes" file="/app/vendor/gammamatrix/playground-test/tests/Unit/Models/User/ModelTest.php" line="22" class="Tests\Unit\Playground\Test\Models\User\ModelTest" classname="Tests.Unit.Playground.Test.Models.User.ModelTest" assertions="2" time="0.004605"/>
      </testsuite>
      <testsuite name="Tests\Unit\Playground\Test\Models\UserWithChildren\ModelTest" file="/app/vendor/gammamatrix/playground-test/tests/Unit/Models/UserWithChildren/ModelTest.php" tests="2" assertions="3" errors="0" failures="0" skipped="0" time="0.015079">
        <testcase name="test_model_instance" file="/app/vendor/gammamatrix/playground-test/src/Unit/Models/ModelCase.php" line="100" class="Tests\Unit\Playground\Test\Models\UserWithChildren\ModelTest" classname="Tests.Unit.Playground.Test.Models.UserWithChildren.ModelTest" assertions="1" time="0.009738"/>
        <testcase name="test_verify_model_relationships" file="/app/vendor/gammamatrix/playground-test/src/Unit/Models/ModelCase.php" line="261" class="Tests\Unit\Playground\Test\Models\UserWithChildren\ModelTest" classname="Tests.Unit.Playground.Test.Models.UserWithChildren.ModelTest" assertions="2" time="0.005341"/>
      </testsuite>
      <testsuite name="Tests\Unit\Playground\Test\Models\UserWithRoleAndPrivileges\ModelTest" file="/app/vendor/gammamatrix/playground-test/tests/Unit/Models/UserWithRoleAndPrivileges/ModelTest.php" tests="4" assertions="6" errors="0" failures="0" skipped="0" time="0.022045">
        <testcase name="test_getAttributes" file="/app/vendor/gammamatrix/playground-test/tests/Unit/Models/UserWithRoleAndPrivileges/ModelTest.php" line="22" class="Tests\Unit\Playground\Test\Models\UserWithRoleAndPrivileges\ModelTest" classname="Tests.Unit.Playground.Test.Models.UserWithRoleAndPrivileges.ModelTest" assertions="2" time="0.007554"/>
        <testcase name="test_hasPrivilege_is_false_without_privilege" file="/app/vendor/gammamatrix/playground-test/tests/Unit/Models/UserWithRoleAndPrivileges/ModelTest.php" line="46" class="Tests\Unit\Playground\Test\Models\UserWithRoleAndPrivileges\ModelTest" classname="Tests.Unit.Playground.Test.Models.UserWithRoleAndPrivileges.ModelTest" assertions="1" time="0.004858"/>
        <testcase name="test_hasPrivilege_is_false_with_wrong_privilege" file="/app/vendor/gammamatrix/playground-test/tests/Unit/Models/UserWithRoleAndPrivileges/ModelTest.php" line="60" class="Tests\Unit\Playground\Test\Models\UserWithRoleAndPrivileges\ModelTest" classname="Tests.Unit.Playground.Test.Models.UserWithRoleAndPrivileges.ModelTest" assertions="1" time="0.004859"/>
        <testcase name="test_hasPrivilege_is_true_with_correct_privilege" file="/app/vendor/gammamatrix/playground-test/tests/Unit/Models/UserWithRoleAndPrivileges/ModelTest.php" line="78" class="Tests\Unit\Playground\Test\Models\UserWithRoleAndPrivileges\ModelTest" classname="Tests.Unit.Playground.Test.Models.UserWithRoleAndPrivileges.ModelTest" assertions="2" time="0.004774"/>
      </testsuite>
      <testsuite name="Tests\Unit\Playground\Test\Models\UserWithRoleAndRoles\ModelTest" file="/app/vendor/gammamatrix/playground-test/tests/Unit/Models/UserWithRoleAndRoles/ModelTest.php" tests="10" assertions="14" errors="0" failures="0" skipped="0" time="0.045705">
        <testcase name="test_getAttributes" file="/app/vendor/gammamatrix/playground-test/tests/Unit/Models/UserWithRoleAndRoles/ModelTest.php" line="24" class="Tests\Unit\Playground\Test\Models\UserWithRoleAndRoles\ModelTest" classname="Tests.Unit.Playground.Test.Models.UserWithRoleAndRoles.ModelTest" assertions="2" time="0.004569"/>
        <testcase name="test_hasRole_is_false_without_role" file="/app/vendor/gammamatrix/playground-test/tests/Unit/Models/UserWithRoleAndRoles/ModelTest.php" line="47" class="Tests\Unit\Playground\Test\Models\UserWithRoleAndRoles\ModelTest" classname="Tests.Unit.Playground.Test.Models.UserWithRoleAndRoles.ModelTest" assertions="1" time="0.004345"/>
        <testcase name="test_hasRole_is_true_with_matching_role" file="/app/vendor/gammamatrix/playground-test/tests/Unit/Models/UserWithRoleAndRoles/ModelTest.php" line="61" class="Tests\Unit\Playground\Test\Models\UserWithRoleAndRoles\ModelTest" classname="Tests.Unit.Playground.Test.Models.UserWithRoleAndRoles.ModelTest" assertions="1" time="0.004420"/>
        <testcase name="test_hasRole_is_true_with_matching_secondary_role" file="/app/vendor/gammamatrix/playground-test/tests/Unit/Models/UserWithRoleAndRoles/ModelTest.php" line="77" class="Tests\Unit\Playground\Test\Models\UserWithRoleAndRoles\ModelTest" classname="Tests.Unit.Playground.Test.Models.UserWithRoleAndRoles.ModelTest" assertions="4" time="0.004766"/>
        <testcase name="test_isAdmin_is_true_with_admin_role" file="/app/vendor/gammamatrix/playground-test/tests/Unit/Models/UserWithRoleAndRoles/ModelTest.php" line="100" class="Tests\Unit\Playground\Test\Models\UserWithRoleAndRoles\ModelTest" classname="Tests.Unit.Playground.Test.Models.UserWithRoleAndRoles.ModelTest" assertions="1" time="0.004504"/>
        <testcase name="test_isAdmin_is_true_with_admin_secondary_role" file="/app/vendor/gammamatrix/playground-test/tests/Unit/Models/UserWithRoleAndRoles/ModelTest.php" line="120" class="Tests\Unit\Playground\Test\Models\UserWithRoleAndRoles\ModelTest" classname="Tests.Unit.Playground.Test.Models.UserWithRoleAndRoles.ModelTest" assertions="1" time="0.004559"/>
        <testcase name="test_isAdmin_is_true_with_wheel_role" file="/app/vendor/gammamatrix/playground-test/tests/Unit/Models/UserWithRoleAndRoles/ModelTest.php" line="140" class="Tests\Unit\Playground\Test\Models\UserWithRoleAndRoles\ModelTest" classname="Tests.Unit.Playground.Test.Models.UserWithRoleAndRoles.ModelTest" assertions="1" time="0.004514"/>
        <testcase name="test_isAdmin_is_true_with_wheel_secondary_role" file="/app/vendor/gammamatrix/playground-test/tests/Unit/Models/UserWithRoleAndRoles/ModelTest.php" line="160" class="Tests\Unit\Playground\Test\Models\UserWithRoleAndRoles\ModelTest" classname="Tests.Unit.Playground.Test.Models.UserWithRoleAndRoles.ModelTest" assertions="1" time="0.004569"/>
        <testcase name="test_isAdmin_is_true_with_root_role" file="/app/vendor/gammamatrix/playground-test/tests/Unit/Models/UserWithRoleAndRoles/ModelTest.php" line="180" class="Tests\Unit\Playground\Test\Models\UserWithRoleAndRoles\ModelTest" classname="Tests.Unit.Playground.Test.Models.UserWithRoleAndRoles.ModelTest" assertions="1" time="0.004826"/>
        <testcase name="test_isAdmin_is_false_with_root_secondary_role" file="/app/vendor/gammamatrix/playground-test/tests/Unit/Models/UserWithRoleAndRoles/ModelTest.php" line="200" class="Tests\Unit\Playground\Test\Models\UserWithRoleAndRoles\ModelTest" classname="Tests.Unit.Playground.Test.Models.UserWithRoleAndRoles.ModelTest" assertions="1" time="0.004633"/>
      </testsuite>
      <testsuite name="Tests\Unit\Playground\Test\Models\UserWithRoleAndRolesAndPrivileges\ModelTest" file="/app/vendor/gammamatrix/playground-test/tests/Unit/Models/UserWithRoleAndRolesAndPrivileges/ModelTest.php" tests="1" assertions="2" errors="0" failures="0" skipped="0" time="0.004606">
        <testcase name="test_getAttributes" file="/app/vendor/gammamatrix/playground-test/tests/Unit/Models/UserWithRoleAndRolesAndPrivileges/ModelTest.php" line="24" class="Tests\Unit\Playground\Test\Models\UserWithRoleAndRolesAndPrivileges\ModelTest" classname="Tests.Unit.Playground.Test.Models.UserWithRoleAndRolesAndPrivileges.ModelTest" assertions="2" time="0.004606"/>
      </testsuite>
      <testsuite name="Tests\Unit\Playground\Test\Models\UserWithSanctum\ModelTest" file="/app/vendor/gammamatrix/playground-test/tests/Unit/Models/UserWithSanctum/ModelTest.php" tests="1" assertions="2" errors="0" failures="0" skipped="0" time="0.004513">
        <testcase name="test_getAttributes" file="/app/vendor/gammamatrix/playground-test/tests/Unit/Models/UserWithSanctum/ModelTest.php" line="22" class="Tests\Unit\Playground\Test\Models\UserWithSanctum\ModelTest" classname="Tests.Unit.Playground.Test.Models.UserWithSanctum.ModelTest" assertions="2" time="0.004513"/>
      </testsuite>
    </testsuite>
    <testsuite name="Feature" tests="95" assertions="190" errors="0" failures="0" skipped="0" time="5.137442">
      <testsuite name="Tests\Feature\Playground\Console\Commands\About\CommandTest" file="/app/vendor/gammamatrix/playground/tests/Feature/Console/Commands/About/CommandTest.php" tests="1" assertions="2" errors="0" failures="0" skipped="0" time="0.071972">
        <testcase name="test_command_about_displays_package_information_and_succeed_with_code_0" file="/app/vendor/gammamatrix/playground/tests/Feature/Console/Commands/About/CommandTest.php" line="19" class="Tests\Feature\Playground\Console\Commands\About\CommandTest" classname="Tests.Feature.Playground.Console.Commands.About.CommandTest" assertions="2" time="0.071972"/>
      </testsuite>
      <testsuite name="Tests\Feature\Playground\Models\User\ModelTest" file="/app/vendor/gammamatrix/playground/tests/Feature/Models/User/ModelTest.php" tests="1" assertions="9" errors="0" failures="0" skipped="0" time="0.032237">
        <testcase name="test_save_model_in_database" file="/app/vendor/gammamatrix/playground/tests/Feature/Models/User/ModelTest.php" line="17" class="Tests\Feature\Playground\Models\User\ModelTest" classname="Tests.Feature.Playground.Models.User.ModelTest" assertions="9" time="0.032237"/>
      </testsuite>
      <testsuite name="Tests\Feature\Playground\Login\Blade\Console\Commands\About\CommandTest" file="/app/vendor/gammamatrix/playground-login-blade/tests/Feature/Console/Commands/About/CommandTest.php" tests="1" assertions="2" errors="0" failures="0" skipped="0" time="0.152963">
        <testcase name="test_command_about_displays_package_information_and_succeed_with_code_0" file="/app/vendor/gammamatrix/playground-login-blade/tests/Feature/Console/Commands/About/CommandTest.php" line="19" class="Tests\Feature\Playground\Login\Blade\Console\Commands\About\CommandTest" classname="Tests.Feature.Playground.Login.Blade.Console.Commands.About.CommandTest" assertions="2" time="0.152963"/>
      </testsuite>
      <testsuite name="Tests\Feature\Playground\Login\Blade\Http\Controllers\AuthenticationRouteTest" file="/app/vendor/gammamatrix/playground-login-blade/tests/Feature/Http/Controllers/AuthenticationRouteTest.php" tests="11" assertions="38" errors="0" failures="0" skipped="0" time="2.063868">
        <testcase name="test_login_screen_can_be_rendered" file="/app/vendor/gammamatrix/playground-login-blade/tests/Feature/Http/Controllers/AuthenticationRouteTest.php" line="26" class="Tests\Feature\Playground\Login\Blade\Http\Controllers\AuthenticationRouteTest" classname="Tests.Feature.Playground.Login.Blade.Http.Controllers.AuthenticationRouteTest" assertions="1" time="0.104298"/>
        <testcase name="test_users_can_authenticate_using_the_login_screen" file="/app/vendor/gammamatrix/playground-login-blade/tests/Feature/Http/Controllers/AuthenticationRouteTest.php" line="33" class="Tests\Feature\Playground\Login\Blade\Http\Controllers\AuthenticationRouteTest" classname="Tests.Feature.Playground.Login.Blade.Http.Controllers.AuthenticationRouteTest" assertions="4" time="0.050388"/>
        <testcase name="test_users_can_authenticate_using_json" file="/app/vendor/gammamatrix/playground-login-blade/tests/Feature/Http/Controllers/AuthenticationRouteTest.php" line="47" class="Tests\Feature\Playground\Login\Blade\Http\Controllers\AuthenticationRouteTest" classname="Tests.Feature.Playground.Login.Blade.Http.Controllers.AuthenticationRouteTest" assertions="4" time="0.030370"/>
        <testcase name="test_users_cannot_authenticate_with_invalid_password" file="/app/vendor/gammamatrix/playground-login-blade/tests/Feature/Http/Controllers/AuthenticationRouteTest.php" line="64" class="Tests\Feature\Playground\Login\Blade\Http\Controllers\AuthenticationRouteTest" classname="Tests.Feature.Playground.Login.Blade.Http.Controllers.AuthenticationRouteTest" assertions="2" time="0.236525"/>
        <testcase name="test_users_can_logout_on_get_request" file="/app/vendor/gammamatrix/playground-login-blade/tests/Feature/Http/Controllers/AuthenticationRouteTest.php" line="78" class="Tests\Feature\Playground\Login\Blade\Http\Controllers\AuthenticationRouteTest" classname="Tests.Feature.Playground.Login.Blade.Http.Controllers.AuthenticationRouteTest" assertions="2" time="0.028408"/>
        <testcase name="test_users_can_logout_on_get_request_using_json" file="/app/vendor/gammamatrix/playground-login-blade/tests/Feature/Http/Controllers/AuthenticationRouteTest.php" line="95" class="Tests\Feature\Playground\Login\Blade\Http\Controllers\AuthenticationRouteTest" classname="Tests.Feature.Playground.Login.Blade.Http.Controllers.AuthenticationRouteTest" assertions="4" time="0.028107"/>
        <testcase name="test_users_can_logout_on_post_request" file="/app/vendor/gammamatrix/playground-login-blade/tests/Feature/Http/Controllers/AuthenticationRouteTest.php" line="117" class="Tests\Feature\Playground\Login\Blade\Http\Controllers\AuthenticationRouteTest" classname="Tests.Feature.Playground.Login.Blade.Http.Controllers.AuthenticationRouteTest" assertions="2" time="0.027208"/>
        <testcase name="test_guests_can_logout_on_get_request" file="/app/vendor/gammamatrix/playground-login-blade/tests/Feature/Http/Controllers/AuthenticationRouteTest.php" line="131" class="Tests\Feature\Playground\Login\Blade\Http\Controllers\AuthenticationRouteTest" classname="Tests.Feature.Playground.Login.Blade.Http.Controllers.AuthenticationRouteTest" assertions="2" time="0.022528"/>
        <testcase name="test_csfr_token_request" file="/app/vendor/gammamatrix/playground-login-blade/tests/Feature/Http/Controllers/AuthenticationRouteTest.php" line="149" class="Tests\Feature\Playground\Login\Blade\Http\Controllers\AuthenticationRouteTest" classname="Tests.Feature.Playground.Login.Blade.Http.Controllers.AuthenticationRouteTest" assertions="3" time="0.022898"/>
        <testcase name="test_login_repeat_under_rate_limit_and_clear" file="/app/vendor/gammamatrix/playground-login-blade/tests/Feature/Http/Controllers/AuthenticationRouteTest.php" line="162" class="Tests\Feature\Playground\Login\Blade\Http\Controllers\AuthenticationRouteTest" classname="Tests.Feature.Playground.Login.Blade.Http.Controllers.AuthenticationRouteTest" assertions="6" time="0.449489"/>
        <testcase name="test_login_repeat_and_hit_rate_limit" file="/app/vendor/gammamatrix/playground-login-blade/tests/Feature/Http/Controllers/AuthenticationRouteTest.php" line="187" class="Tests\Feature\Playground\Login\Blade\Http\Controllers\AuthenticationRouteTest" classname="Tests.Feature.Playground.Login.Blade.Http.Controllers.AuthenticationRouteTest" assertions="8" time="1.063651"/>
      </testsuite>
      <testsuite name="Tests\Feature\Playground\Login\Blade\Http\Controllers\EmailVerificationRouteTest" file="/app/vendor/gammamatrix/playground-login-blade/tests/Feature/Http/Controllers/EmailVerificationRouteTest.php" tests="10" assertions="25" errors="0" failures="0" skipped="0" time="0.317223">
        <testcase name="test_email_verification_screen_can_be_rendered" file="/app/vendor/gammamatrix/playground-login-blade/tests/Feature/Http/Controllers/EmailVerificationRouteTest.php" line="21" class="Tests\Feature\Playground\Login\Blade\Http\Controllers\EmailVerificationRouteTest" classname="Tests.Feature.Playground.Login.Blade.Http.Controllers.EmailVerificationRouteTest" assertions="1" time="0.047003"/>
        <testcase name="test_email_verification_screen_is_not_rendered_if_already_verified" file="/app/vendor/gammamatrix/playground-login-blade/tests/Feature/Http/Controllers/EmailVerificationRouteTest.php" line="35" class="Tests\Feature\Playground\Login\Blade\Http\Controllers\EmailVerificationRouteTest" classname="Tests.Feature.Playground.Login.Blade.Http.Controllers.EmailVerificationRouteTest" assertions="1" time="0.026798"/>
        <testcase name="test_json_send_email_verification_notification_as_guest" file="/app/vendor/gammamatrix/playground-login-blade/tests/Feature/Http/Controllers/EmailVerificationRouteTest.php" line="49" class="Tests\Feature\Playground\Login\Blade\Http\Controllers\EmailVerificationRouteTest" classname="Tests.Feature.Playground.Login.Blade.Http.Controllers.EmailVerificationRouteTest" assertions="4" time="0.023658"/>
        <testcase name="test_send_email_verification_notification_as_guest_and_redirect" file="/app/vendor/gammamatrix/playground-login-blade/tests/Feature/Http/Controllers/EmailVerificationRouteTest.php" line="69" class="Tests\Feature\Playground\Login\Blade\Http\Controllers\EmailVerificationRouteTest" classname="Tests.Feature.Playground.Login.Blade.Http.Controllers.EmailVerificationRouteTest" assertions="4" time="0.025452"/>
        <testcase name="test_send_email_verification_notification_as_user" file="/app/vendor/gammamatrix/playground-login-blade/tests/Feature/Http/Controllers/EmailVerificationRouteTest.php" line="82" class="Tests\Feature\Playground\Login\Blade\Http\Controllers\EmailVerificationRouteTest" classname="Tests.Feature.Playground.Login.Blade.Http.Controllers.EmailVerificationRouteTest" assertions="3" time="0.028545"/>
        <testcase name="test_send_email_verification_notification_when_already_verified" file="/app/vendor/gammamatrix/playground-login-blade/tests/Feature/Http/Controllers/EmailVerificationRouteTest.php" line="111" class="Tests\Feature\Playground\Login\Blade\Http\Controllers\EmailVerificationRouteTest" classname="Tests.Feature.Playground.Login.Blade.Http.Controllers.EmailVerificationRouteTest" assertions="2" time="0.028474"/>
        <testcase name="test_email_can_be_verified" file="/app/vendor/gammamatrix/playground-login-blade/tests/Feature/Http/Controllers/EmailVerificationRouteTest.php" line="131" class="Tests\Feature\Playground\Login\Blade\Http\Controllers\EmailVerificationRouteTest" classname="Tests.Feature.Playground.Login.Blade.Http.Controllers.EmailVerificationRouteTest" assertions="4" time="0.040520"/>
        <testcase name="test_email_is_not_verified_with_invalid_hash" file="/app/vendor/gammamatrix/playground-login-blade/tests/Feature/Http/Controllers/EmailVerificationRouteTest.php" line="169" class="Tests\Feature\Playground\Login\Blade\Http\Controllers\EmailVerificationRouteTest" classname="Tests.Feature.Playground.Login.Blade.Http.Controllers.EmailVerificationRouteTest" assertions="1" time="0.034222"/>
        <testcase name="test_email_is_not_verified_with_invalid_user_id" file="/app/vendor/gammamatrix/playground-login-blade/tests/Feature/Http/Controllers/EmailVerificationRouteTest.php" line="202" class="Tests\Feature\Playground\Login\Blade\Http\Controllers\EmailVerificationRouteTest" classname="Tests.Feature.Playground.Login.Blade.Http.Controllers.EmailVerificationRouteTest" assertions="1" time="0.031590"/>
        <testcase name="test_email_verified_with_already_verified" file="/app/vendor/gammamatrix/playground-login-blade/tests/Feature/Http/Controllers/EmailVerificationRouteTest.php" line="235" class="Tests\Feature\Playground\Login\Blade\Http\Controllers\EmailVerificationRouteTest" classname="Tests.Feature.Playground.Login.Blade.Http.Controllers.EmailVerificationRouteTest" assertions="4" time="0.030963"/>
      </testsuite>
      <testsuite name="Tests\Feature\Playground\Login\Blade\Http\Controllers\PasswordConfirmationRouteTest" file="/app/vendor/gammamatrix/playground-login-blade/tests/Feature/Http/Controllers/PasswordConfirmationRouteTest.php" tests="3" assertions="4" errors="0" failures="0" skipped="0" time="0.303268">
        <testcase name="test_confirm_password_screen_can_be_rendered" file="/app/vendor/gammamatrix/playground-login-blade/tests/Feature/Http/Controllers/PasswordConfirmationRouteTest.php" line="15" class="Tests\Feature\Playground\Login\Blade\Http\Controllers\PasswordConfirmationRouteTest" classname="Tests.Feature.Playground.Login.Blade.Http.Controllers.PasswordConfirmationRouteTest" assertions="1" time="0.045117"/>
        <testcase name="test_password_can_be_confirmed" file="/app/vendor/gammamatrix/playground-login-blade/tests/Feature/Http/Controllers/PasswordConfirmationRouteTest.php" line="27" class="Tests\Feature\Playground\Login\Blade\Http\Controllers\PasswordConfirmationRouteTest" classname="Tests.Feature.Playground.Login.Blade.Http.Controllers.PasswordConfirmationRouteTest" assertions="2" time="0.028753"/>
        <testcase name="test_password_is_not_confirmed_with_invalid_password" file="/app/vendor/gammamatrix/playground-login-blade/tests/Feature/Http/Controllers/PasswordConfirmationRouteTest.php" line="42" class="Tests\Feature\Playground\Login\Blade\Http\Controllers\PasswordConfirmationRouteTest" classname="Tests.Feature.Playground.Login.Blade.Http.Controllers.PasswordConfirmationRouteTest" assertions="1" time="0.229398"/>
      </testsuite>
      <testsuite name="Tests\Feature\Playground\Login\Blade\Http\Controllers\PasswordResetRouteTest" file="/app/vendor/gammamatrix/playground-login-blade/tests/Feature/Http/Controllers/PasswordResetRouteTest.php" tests="6" assertions="11" errors="0" failures="0" skipped="0" time="0.247973">
        <testcase name="test_reset_password_link_screen_can_be_rendered" file="/app/vendor/gammamatrix/playground-login-blade/tests/Feature/Http/Controllers/PasswordResetRouteTest.php" line="17" class="Tests\Feature\Playground\Login\Blade\Http\Controllers\PasswordResetRouteTest" classname="Tests.Feature.Playground.Login.Blade.Http.Controllers.PasswordResetRouteTest" assertions="1" time="0.039224"/>
        <testcase name="test_reset_password_link_can_be_requested" file="/app/vendor/gammamatrix/playground-login-blade/tests/Feature/Http/Controllers/PasswordResetRouteTest.php" line="24" class="Tests\Feature\Playground\Login\Blade\Http\Controllers\PasswordResetRouteTest" classname="Tests.Feature.Playground.Login.Blade.Http.Controllers.PasswordResetRouteTest" assertions="1" time="0.035372"/>
        <testcase name="test_reset_password_screen_can_be_rendered" file="/app/vendor/gammamatrix/playground-login-blade/tests/Feature/Http/Controllers/PasswordResetRouteTest.php" line="35" class="Tests\Feature\Playground\Login\Blade\Http\Controllers\PasswordResetRouteTest" classname="Tests.Feature.Playground.Login.Blade.Http.Controllers.PasswordResetRouteTest" assertions="3" time="0.058892"/>
        <testcase name="test_password_can_be_reset_with_valid_token" file="/app/vendor/gammamatrix/playground-login-blade/tests/Feature/Http/Controllers/PasswordResetRouteTest.php" line="54" class="Tests\Feature\Playground\Login\Blade\Http\Controllers\PasswordResetRouteTest" classname="Tests.Feature.Playground.Login.Blade.Http.Controllers.PasswordResetRouteTest" assertions="3" time="0.047331"/>
        <testcase name="test_password_reset_with_invalid_token" file="/app/vendor/gammamatrix/playground-login-blade/tests/Feature/Http/Controllers/PasswordResetRouteTest.php" line="77" class="Tests\Feature\Playground\Login\Blade\Http\Controllers\PasswordResetRouteTest" classname="Tests.Feature.Playground.Login.Blade.Http.Controllers.PasswordResetRouteTest" assertions="2" time="0.038694"/>
        <testcase name="test_password_reset_with_invalid_user" file="/app/vendor/gammamatrix/playground-login-blade/tests/Feature/Http/Controllers/PasswordResetRouteTest.php" line="99" class="Tests\Feature\Playground\Login\Blade\Http\Controllers\PasswordResetRouteTest" classname="Tests.Feature.Playground.Login.Blade.Http.Controllers.PasswordResetRouteTest" assertions="1" time="0.028459"/>
      </testsuite>
      <testsuite name="Tests\Feature\Playground\Login\Blade\Http\Controllers\RegistrationRouteTest" file="/app/vendor/gammamatrix/playground-login-blade/tests/Feature/Http/Controllers/RegistrationRouteTest.php" tests="2" assertions="4" errors="0" failures="0" skipped="0" time="0.076356">
        <testcase name="test_registration_screen_can_be_rendered" file="/app/vendor/gammamatrix/playground-login-blade/tests/Feature/Http/Controllers/RegistrationRouteTest.php" line="14" class="Tests\Feature\Playground\Login\Blade\Http\Controllers\RegistrationRouteTest" classname="Tests.Feature.Playground.Login.Blade.Http.Controllers.RegistrationRouteTest" assertions="1" time="0.042050"/>
        <testcase name="test_new_users_can_register" file="/app/vendor/gammamatrix/playground-login-blade/tests/Feature/Http/Controllers/RegistrationRouteTest.php" line="21" class="Tests\Feature\Playground\Login\Blade\Http\Controllers\RegistrationRouteTest" classname="Tests.Feature.Playground.Login.Blade.Http.Controllers.RegistrationRouteTest" assertions="3" time="0.034307"/>
      </testsuite>
      <testsuite name="Tests\Feature\Playground\Login\Blade\Http\Controllers\SanctumRouteTest" file="/app/vendor/gammamatrix/playground-login-blade/tests/Feature/Http/Controllers/SanctumRouteTest.php" tests="4" assertions="15" errors="0" failures="0" skipped="0" time="0.160541">
        <testcase name="test_sanctum_users_can_authenticate_and_logout_and_delete_token" file="/app/vendor/gammamatrix/playground-login-blade/tests/Feature/Http/Controllers/SanctumRouteTest.php" line="28" class="Tests\Feature\Playground\Login\Blade\Http\Controllers\SanctumRouteTest" classname="Tests.Feature.Playground.Login.Blade.Http.Controllers.SanctumRouteTest" assertions="5" time="0.077008"/>
        <testcase name="test_sanctum_users_can_logout_without_token_using_json" file="/app/vendor/gammamatrix/playground-login-blade/tests/Feature/Http/Controllers/SanctumRouteTest.php" line="53" class="Tests\Feature\Playground\Login\Blade\Http\Controllers\SanctumRouteTest" classname="Tests.Feature.Playground.Login.Blade.Http.Controllers.SanctumRouteTest" assertions="4" time="0.027596"/>
        <testcase name="test_sanctum_users_can_logout_all_tokens_without_token_using_json" file="/app/vendor/gammamatrix/playground-login-blade/tests/Feature/Http/Controllers/SanctumRouteTest.php" line="76" class="Tests\Feature\Playground\Login\Blade\Http\Controllers\SanctumRouteTest" classname="Tests.Feature.Playground.Login.Blade.Http.Controllers.SanctumRouteTest" assertions="4" time="0.028033"/>
        <testcase name="test_sanctum_users_can_logout_everywhere_tokens_without_token" file="/app/vendor/gammamatrix/playground-login-blade/tests/Feature/Http/Controllers/SanctumRouteTest.php" line="99" class="Tests\Feature\Playground\Login\Blade\Http\Controllers\SanctumRouteTest" classname="Tests.Feature.Playground.Login.Blade.Http.Controllers.SanctumRouteTest" assertions="2" time="0.027903"/>
      </testsuite>
      <testsuite name="Tests\Feature\Playground\Site\Blade\Console\Commands\About\CommandTest" file="/app/vendor/gammamatrix/playground-site-blade/tests/Feature/Console/Commands/About/CommandTest.php" tests="1" assertions="2" errors="0" failures="0" skipped="0" time="0.161262">
        <testcase name="test_command_about_displays_package_information_and_succeed_with_code_0" file="/app/vendor/gammamatrix/playground-site-blade/tests/Feature/Console/Commands/About/CommandTest.php" line="19" class="Tests\Feature\Playground\Site\Blade\Console\Commands\About\CommandTest" classname="Tests.Feature.Playground.Site.Blade.Console.Commands.About.CommandTest" assertions="2" time="0.161262"/>
      </testsuite>
      <testsuite name="Tests\Feature\Playground\Site\Blade\Http\Controllers\AboutRouteTest" file="/app/vendor/gammamatrix/playground-site-blade/tests/Feature/Http/Controllers/AboutRouteTest.php" tests="4" assertions="4" errors="0" failures="0" skipped="0" time="0.134092">
        <testcase name="test_route_about_as_guest_and_succeed" file="/app/vendor/gammamatrix/playground-site-blade/tests/Feature/Http/Controllers/AboutRouteTest.php" line="18" class="Tests\Feature\Playground\Site\Blade\Http\Controllers\AboutRouteTest" classname="Tests.Feature.Playground.Site.Blade.Http.Controllers.AboutRouteTest" assertions="1" time="0.044416"/>
        <testcase name="test_route_json_about_as_guest_and_succeed" file="/app/vendor/gammamatrix/playground-site-blade/tests/Feature/Http/Controllers/AboutRouteTest.php" line="26" class="Tests\Feature\Playground\Site\Blade\Http\Controllers\AboutRouteTest" classname="Tests.Feature.Playground.Site.Blade.Http.Controllers.AboutRouteTest" assertions="1" time="0.023112"/>
        <testcase name="test_route_about_as_client_and_succeed" file="/app/vendor/gammamatrix/playground-site-blade/tests/Feature/Http/Controllers/AboutRouteTest.php" line="32" class="Tests\Feature\Playground\Site\Blade\Http\Controllers\AboutRouteTest" classname="Tests.Feature.Playground.Site.Blade.Http.Controllers.AboutRouteTest" assertions="1" time="0.038045"/>
        <testcase name="test_route_json_about_as_manager_and_succeed" file="/app/vendor/gammamatrix/playground-site-blade/tests/Feature/Http/Controllers/AboutRouteTest.php" line="43" class="Tests\Feature\Playground\Site\Blade\Http\Controllers\AboutRouteTest" classname="Tests.Feature.Playground.Site.Blade.Http.Controllers.AboutRouteTest" assertions="1" time="0.028519"/>
      </testsuite>
      <testsuite name="Tests\Feature\Playground\Site\Blade\Http\Controllers\BootstrapRouteTest" file="/app/vendor/gammamatrix/playground-site-blade/tests/Feature/Http/Controllers/BootstrapRouteTest.php" tests="4" assertions="4" errors="0" failures="0" skipped="0" time="0.144484">
        <testcase name="test_route_bootstrap_as_guest_and_succeed" file="/app/vendor/gammamatrix/playground-site-blade/tests/Feature/Http/Controllers/BootstrapRouteTest.php" line="28" class="Tests\Feature\Playground\Site\Blade\Http\Controllers\BootstrapRouteTest" classname="Tests.Feature.Playground.Site.Blade.Http.Controllers.BootstrapRouteTest" assertions="1" time="0.040671"/>
        <testcase name="test_route_json_bootstrap_as_guest_and_succeed" file="/app/vendor/gammamatrix/playground-site-blade/tests/Feature/Http/Controllers/BootstrapRouteTest.php" line="34" class="Tests\Feature\Playground\Site\Blade\Http\Controllers\BootstrapRouteTest" classname="Tests.Feature.Playground.Site.Blade.Http.Controllers.BootstrapRouteTest" assertions="1" time="0.030094"/>
        <testcase name="test_route_bootstrap_as_vendor_and_succeed" file="/app/vendor/gammamatrix/playground-site-blade/tests/Feature/Http/Controllers/BootstrapRouteTest.php" line="40" class="Tests\Feature\Playground\Site\Blade\Http\Controllers\BootstrapRouteTest" classname="Tests.Feature.Playground.Site.Blade.Http.Controllers.BootstrapRouteTest" assertions="1" time="0.033580"/>
        <testcase name="test_route_json_bootstrap_as_wheel_and_succeed" file="/app/vendor/gammamatrix/playground-site-blade/tests/Feature/Http/Controllers/BootstrapRouteTest.php" line="51" class="Tests\Feature\Playground\Site\Blade\Http\Controllers\BootstrapRouteTest" classname="Tests.Feature.Playground.Site.Blade.Http.Controllers.BootstrapRouteTest" assertions="1" time="0.040139"/>
      </testsuite>
      <testsuite name="Tests\Feature\Playground\Site\Blade\Http\Controllers\PublicDashboardRouteTest" file="/app/vendor/gammamatrix/playground-site-blade/tests/Feature/Http/Controllers/PublicDashboardRouteTest.php" tests="4" assertions="6" errors="0" failures="0" skipped="0" time="0.111337">
        <testcase name="test_route_dashboard_as_guest_and_fail_when_disabled_for_guest_and_no_redirect" file="/app/vendor/gammamatrix/playground-site-blade/tests/Feature/Http/Controllers/PublicDashboardRouteTest.php" line="27" class="Tests\Feature\Playground\Site\Blade\Http\Controllers\PublicDashboardRouteTest" classname="Tests.Feature.Playground.Site.Blade.Http.Controllers.PublicDashboardRouteTest" assertions="1" time="0.040552"/>
        <testcase name="test_route_dashboard_as_guest_and_redirect_when_disabled_for_all" file="/app/vendor/gammamatrix/playground-site-blade/tests/Feature/Http/Controllers/PublicDashboardRouteTest.php" line="43" class="Tests\Feature\Playground\Site\Blade\Http\Controllers\PublicDashboardRouteTest" classname="Tests.Feature.Playground.Site.Blade.Http.Controllers.PublicDashboardRouteTest" assertions="2" time="0.023470"/>
        <testcase name="test_route_dashboard_as_guest_and_redirect_when_disabled_for_guest" file="/app/vendor/gammamatrix/playground-site-blade/tests/Feature/Http/Controllers/PublicDashboardRouteTest.php" line="52" class="Tests\Feature\Playground\Site\Blade\Http\Controllers\PublicDashboardRouteTest" classname="Tests.Feature.Playground.Site.Blade.Http.Controllers.PublicDashboardRouteTest" assertions="2" time="0.023373"/>
        <testcase name="test_route_json_dashboard_as_guest_and_succeed" file="/app/vendor/gammamatrix/playground-site-blade/tests/Feature/Http/Controllers/PublicDashboardRouteTest.php" line="62" class="Tests\Feature\Playground\Site\Blade\Http\Controllers\PublicDashboardRouteTest" classname="Tests.Feature.Playground.Site.Blade.Http.Controllers.PublicDashboardRouteTest" assertions="1" time="0.023942"/>
      </testsuite>
      <testsuite name="Tests\Feature\Playground\Site\Blade\Http\Controllers\PublicHomeRouteTest" file="/app/vendor/gammamatrix/playground-site-blade/tests/Feature/Http/Controllers/PublicHomeRouteTest.php" tests="4" assertions="4" errors="0" failures="0" skipped="0" time="0.116298">
        <testcase name="test_route_home_as_guest_and_succeed" file="/app/vendor/gammamatrix/playground-site-blade/tests/Feature/Http/Controllers/PublicHomeRouteTest.php" line="28" class="Tests\Feature\Playground\Site\Blade\Http\Controllers\PublicHomeRouteTest" classname="Tests.Feature.Playground.Site.Blade.Http.Controllers.PublicHomeRouteTest" assertions="1" time="0.034367"/>
        <testcase name="test_route_json_home_as_guest_and_succeed" file="/app/vendor/gammamatrix/playground-site-blade/tests/Feature/Http/Controllers/PublicHomeRouteTest.php" line="34" class="Tests\Feature\Playground\Site\Blade\Http\Controllers\PublicHomeRouteTest" classname="Tests.Feature.Playground.Site.Blade.Http.Controllers.PublicHomeRouteTest" assertions="1" time="0.022669"/>
        <testcase name="test_route_home_as_user_admin_and_succeed" file="/app/vendor/gammamatrix/playground-site-blade/tests/Feature/Http/Controllers/PublicHomeRouteTest.php" line="40" class="Tests\Feature\Playground\Site\Blade\Http\Controllers\PublicHomeRouteTest" classname="Tests.Feature.Playground.Site.Blade.Http.Controllers.PublicHomeRouteTest" assertions="1" time="0.032915"/>
        <testcase name="test_route_json_home_as_admin_and_succeed" file="/app/vendor/gammamatrix/playground-site-blade/tests/Feature/Http/Controllers/PublicHomeRouteTest.php" line="51" class="Tests\Feature\Playground\Site\Blade\Http\Controllers\PublicHomeRouteTest" classname="Tests.Feature.Playground.Site.Blade.Http.Controllers.PublicHomeRouteTest" assertions="1" time="0.026348"/>
      </testsuite>
      <testsuite name="Tests\Feature\Playground\Site\Blade\Http\Controllers\PublicSitemapRouteTest" file="/app/vendor/gammamatrix/playground-site-blade/tests/Feature/Http/Controllers/PublicSitemapRouteTest.php" tests="9" assertions="12" errors="0" failures="0" skipped="0" time="0.249721">
        <testcase name="test_route_sitemap_as_guest_and_fail_when_disabled_for_guest_and_no_redirect" file="/app/vendor/gammamatrix/playground-site-blade/tests/Feature/Http/Controllers/PublicSitemapRouteTest.php" line="16" class="Tests\Feature\Playground\Site\Blade\Http\Controllers\PublicSitemapRouteTest" classname="Tests.Feature.Playground.Site.Blade.Http.Controllers.PublicSitemapRouteTest" assertions="1" time="0.041606"/>
        <testcase name="test_route_sitemap_as_guest_and_redirect_when_disabled_for_all" file="/app/vendor/gammamatrix/playground-site-blade/tests/Feature/Http/Controllers/PublicSitemapRouteTest.php" line="26" class="Tests\Feature\Playground\Site\Blade\Http\Controllers\PublicSitemapRouteTest" classname="Tests.Feature.Playground.Site.Blade.Http.Controllers.PublicSitemapRouteTest" assertions="2" time="0.022343"/>
        <testcase name="test_route_sitemap_as_guest_and_redirect_when_disabled_for_guest" file="/app/vendor/gammamatrix/playground-site-blade/tests/Feature/Http/Controllers/PublicSitemapRouteTest.php" line="35" class="Tests\Feature\Playground\Site\Blade\Http\Controllers\PublicSitemapRouteTest" classname="Tests.Feature.Playground.Site.Blade.Http.Controllers.PublicSitemapRouteTest" assertions="2" time="0.021690"/>
        <testcase name="test_route_json_sitemap_as_guest_and_succeed" file="/app/vendor/gammamatrix/playground-site-blade/tests/Feature/Http/Controllers/PublicSitemapRouteTest.php" line="45" class="Tests\Feature\Playground\Site\Blade\Http\Controllers\PublicSitemapRouteTest" classname="Tests.Feature.Playground.Site.Blade.Http.Controllers.PublicSitemapRouteTest" assertions="1" time="0.027511"/>
        <testcase name="test_route_sitemap_as_user_and_succeed" file="/app/vendor/gammamatrix/playground-site-blade/tests/Feature/Http/Controllers/PublicSitemapRouteTest.php" line="55" class="Tests\Feature\Playground\Site\Blade\Http\Controllers\PublicSitemapRouteTest" classname="Tests.Feature.Playground.Site.Blade.Http.Controllers.PublicSitemapRouteTest" assertions="1" time="0.026438"/>
        <testcase name="test_route_sitemap_as_support_and_fail_when_disabled_for_all" file="/app/vendor/gammamatrix/playground-site-blade/tests/Feature/Http/Controllers/PublicSitemapRouteTest.php" line="69" class="Tests\Feature\Playground\Site\Blade\Http\Controllers\PublicSitemapRouteTest" classname="Tests.Feature.Playground.Site.Blade.Http.Controllers.PublicSitemapRouteTest" assertions="2" time="0.026334"/>
        <testcase name="test_route_sitemap_as_user_and_fail_when_disabled_for_all_and_no_redirect" file="/app/vendor/gammamatrix/playground-site-blade/tests/Feature/Http/Controllers/PublicSitemapRouteTest.php" line="82" class="Tests\Feature\Playground\Site\Blade\Http\Controllers\PublicSitemapRouteTest" classname="Tests.Feature.Playground.Site.Blade.Http.Controllers.PublicSitemapRouteTest" assertions="1" time="0.029048"/>
        <testcase name="test_route_json_sitemap_as_admin_and_succeed" file="/app/vendor/gammamatrix/playground-site-blade/tests/Feature/Http/Controllers/PublicSitemapRouteTest.php" line="95" class="Tests\Feature\Playground\Site\Blade\Http\Controllers\PublicSitemapRouteTest" classname="Tests.Feature.Playground.Site.Blade.Http.Controllers.PublicSitemapRouteTest" assertions="1" time="0.028291"/>
        <testcase name="test_route_sitemap_as_user_and_succeed_with_package_sitemaps" file="/app/vendor/gammamatrix/playground-site-blade/tests/Feature/Http/Controllers/PublicSitemapRouteTest.php" line="110" class="Tests\Feature\Playground\Site\Blade\Http\Controllers\PublicSitemapRouteTest" classname="Tests.Feature.Playground.Site.Blade.Http.Controllers.PublicSitemapRouteTest" assertions="1" time="0.026459"/>
      </testsuite>
      <testsuite name="Tests\Feature\Playground\Site\Blade\Http\Controllers\ThemeRouteTest" file="/app/vendor/gammamatrix/playground-site-blade/tests/Feature/Http/Controllers/ThemeRouteTest.php" tests="4" assertions="7" errors="0" failures="0" skipped="0" time="0.105330">
        <testcase name="test_route_theme_as_guest_and_succeed" file="/app/vendor/gammamatrix/playground-site-blade/tests/Feature/Http/Controllers/ThemeRouteTest.php" line="16" class="Tests\Feature\Playground\Site\Blade\Http\Controllers\ThemeRouteTest" classname="Tests.Feature.Playground.Site.Blade.Http.Controllers.ThemeRouteTest" assertions="2" time="0.021307"/>
        <testcase name="test_route_theme_as_guest_with_preview_and_succeed" file="/app/vendor/gammamatrix/playground-site-blade/tests/Feature/Http/Controllers/ThemeRouteTest.php" line="22" class="Tests\Feature\Playground\Site\Blade\Http\Controllers\ThemeRouteTest" classname="Tests.Feature.Playground.Site.Blade.Http.Controllers.ThemeRouteTest" assertions="1" time="0.032047"/>
        <testcase name="test_route_theme_as_partner_and_succeed" file="/app/vendor/gammamatrix/playground-site-blade/tests/Feature/Http/Controllers/ThemeRouteTest.php" line="28" class="Tests\Feature\Playground\Site\Blade\Http\Controllers\ThemeRouteTest" classname="Tests.Feature.Playground.Site.Blade.Http.Controllers.ThemeRouteTest" assertions="2" time="0.026159"/>
        <testcase name="test_route_theme_as_sales_and_succeed_with_theme_and_redirect" file="/app/vendor/gammamatrix/playground-site-blade/tests/Feature/Http/Controllers/ThemeRouteTest.php" line="41" class="Tests\Feature\Playground\Site\Blade\Http\Controllers\ThemeRouteTest" classname="Tests.Feature.Playground.Site.Blade.Http.Controllers.ThemeRouteTest" assertions="2" time="0.025817"/>
      </testsuite>
      <testsuite name="Tests\Feature\Playground\Site\Blade\Http\Controllers\UserDashboardRouteTest" file="/app/vendor/gammamatrix/playground-site-blade/tests/Feature/Http/Controllers/UserDashboardRouteTest.php" tests="8" assertions="16" errors="0" failures="0" skipped="0" time="0.200951">
        <testcase name="test_route_dashboard_as_guest_and_fail_when_disabled_for_guest_and_no_redirect_with_auth_middleware" file="/app/vendor/gammamatrix/playground-site-blade/tests/Feature/Http/Controllers/UserDashboardRouteTest.php" line="16" class="Tests\Feature\Playground\Site\Blade\Http\Controllers\UserDashboardRouteTest" classname="Tests.Feature.Playground.Site.Blade.Http.Controllers.UserDashboardRouteTest" assertions="3" time="0.021454"/>
        <testcase name="test_route_dashboard_as_guest_and_redirect" file="/app/vendor/gammamatrix/playground-site-blade/tests/Feature/Http/Controllers/UserDashboardRouteTest.php" line="29" class="Tests\Feature\Playground\Site\Blade\Http\Controllers\UserDashboardRouteTest" classname="Tests.Feature.Playground.Site.Blade.Http.Controllers.UserDashboardRouteTest" assertions="3" time="0.022203"/>
        <testcase name="test_route_dashboard_as_guest_and_redirect_when_disabled_for_guest" file="/app/vendor/gammamatrix/playground-site-blade/tests/Feature/Http/Controllers/UserDashboardRouteTest.php" line="37" class="Tests\Feature\Playground\Site\Blade\Http\Controllers\UserDashboardRouteTest" classname="Tests.Feature.Playground.Site.Blade.Http.Controllers.UserDashboardRouteTest" assertions="3" time="0.023797"/>
        <testcase name="test_route_json_dashboard_as_guest_and_fail" file="/app/vendor/gammamatrix/playground-site-blade/tests/Feature/Http/Controllers/UserDashboardRouteTest.php" line="49" class="Tests\Feature\Playground\Site\Blade\Http\Controllers\UserDashboardRouteTest" classname="Tests.Feature.Playground.Site.Blade.Http.Controllers.UserDashboardRouteTest" assertions="2" time="0.022903"/>
        <testcase name="test_route_dashboard_as_user_and_succeed" file="/app/vendor/gammamatrix/playground-site-blade/tests/Feature/Http/Controllers/UserDashboardRouteTest.php" line="62" class="Tests\Feature\Playground\Site\Blade\Http\Controllers\UserDashboardRouteTest" classname="Tests.Feature.Playground.Site.Blade.Http.Controllers.UserDashboardRouteTest" assertions="1" time="0.032178"/>
        <testcase name="test_route_dashboard_as_user_and_fail_when_disabled_for_all" file="/app/vendor/gammamatrix/playground-site-blade/tests/Feature/Http/Controllers/UserDashboardRouteTest.php" line="76" class="Tests\Feature\Playground\Site\Blade\Http\Controllers\UserDashboardRouteTest" classname="Tests.Feature.Playground.Site.Blade.Http.Controllers.UserDashboardRouteTest" assertions="2" time="0.025916"/>
        <testcase name="test_route_dashboard_as_user_and_fail_when_disabled_for_all_and_no_redirect" file="/app/vendor/gammamatrix/playground-site-blade/tests/Feature/Http/Controllers/UserDashboardRouteTest.php" line="89" class="Tests\Feature\Playground\Site\Blade\Http\Controllers\UserDashboardRouteTest" classname="Tests.Feature.Playground.Site.Blade.Http.Controllers.UserDashboardRouteTest" assertions="1" time="0.026122"/>
        <testcase name="test_route_json_dashboard_as_admin_and_succeed" file="/app/vendor/gammamatrix/playground-site-blade/tests/Feature/Http/Controllers/UserDashboardRouteTest.php" line="102" class="Tests\Feature\Playground\Site\Blade\Http\Controllers\UserDashboardRouteTest" classname="Tests.Feature.Playground.Site.Blade.Http.Controllers.UserDashboardRouteTest" assertions="1" time="0.026379"/>
      </testsuite>
      <testsuite name="Tests\Feature\Playground\Site\Blade\Http\Controllers\UserHomeRouteTest" file="/app/vendor/gammamatrix/playground-site-blade/tests/Feature/Http/Controllers/UserHomeRouteTest.php" tests="4" assertions="7" errors="0" failures="0" skipped="0" time="0.099286">
        <testcase name="test_route_home_as_guest_and_fail" file="/app/vendor/gammamatrix/playground-site-blade/tests/Feature/Http/Controllers/UserHomeRouteTest.php" line="16" class="Tests\Feature\Playground\Site\Blade\Http\Controllers\UserHomeRouteTest" classname="Tests.Feature.Playground.Site.Blade.Http.Controllers.UserHomeRouteTest" assertions="3" time="0.021559"/>
        <testcase name="test_route_json_home_as_guest_and_fail" file="/app/vendor/gammamatrix/playground-site-blade/tests/Feature/Http/Controllers/UserHomeRouteTest.php" line="24" class="Tests\Feature\Playground\Site\Blade\Http\Controllers\UserHomeRouteTest" classname="Tests.Feature.Playground.Site.Blade.Http.Controllers.UserHomeRouteTest" assertions="2" time="0.021154"/>
        <testcase name="test_route_home_as_user_admin_and_succeed" file="/app/vendor/gammamatrix/playground-site-blade/tests/Feature/Http/Controllers/UserHomeRouteTest.php" line="34" class="Tests\Feature\Playground\Site\Blade\Http\Controllers\UserHomeRouteTest" classname="Tests.Feature.Playground.Site.Blade.Http.Controllers.UserHomeRouteTest" assertions="1" time="0.030707"/>
        <testcase name="test_route_json_home_as_admin_and_succeed" file="/app/vendor/gammamatrix/playground-site-blade/tests/Feature/Http/Controllers/UserHomeRouteTest.php" line="45" class="Tests\Feature\Playground\Site\Blade\Http\Controllers\UserHomeRouteTest" classname="Tests.Feature.Playground.Site.Blade.Http.Controllers.UserHomeRouteTest" assertions="1" time="0.025866"/>
      </testsuite>
      <testsuite name="Tests\Feature\Playground\Site\Blade\Http\Controllers\UserSitemapRouteTest" file="/app/vendor/gammamatrix/playground-site-blade/tests/Feature/Http/Controllers/UserSitemapRouteTest.php" tests="9" assertions="12" errors="0" failures="0" skipped="0" time="0.220291">
        <testcase name="test_route_sitemap_as_guest_and_fail_when_disabled_for_guest_and_no_redirect" file="/app/vendor/gammamatrix/playground-site-blade/tests/Feature/Http/Controllers/UserSitemapRouteTest.php" line="28" class="Tests\Feature\Playground\Site\Blade\Http\Controllers\UserSitemapRouteTest" classname="Tests.Feature.Playground.Site.Blade.Http.Controllers.UserSitemapRouteTest" assertions="1" time="0.022718"/>
        <testcase name="test_route_sitemap_as_guest_and_redirect_when_disabled_for_all" file="/app/vendor/gammamatrix/playground-site-blade/tests/Feature/Http/Controllers/UserSitemapRouteTest.php" line="38" class="Tests\Feature\Playground\Site\Blade\Http\Controllers\UserSitemapRouteTest" classname="Tests.Feature.Playground.Site.Blade.Http.Controllers.UserSitemapRouteTest" assertions="2" time="0.021262"/>
        <testcase name="test_route_sitemap_as_guest_and_redirect_when_disabled_for_guest" file="/app/vendor/gammamatrix/playground-site-blade/tests/Feature/Http/Controllers/UserSitemapRouteTest.php" line="47" class="Tests\Feature\Playground\Site\Blade\Http\Controllers\UserSitemapRouteTest" classname="Tests.Feature.Playground.Site.Blade.Http.Controllers.UserSitemapRouteTest" assertions="2" time="0.021897"/>
        <testcase name="test_route_json_sitemap_as_guest_and_fail" file="/app/vendor/gammamatrix/playground-site-blade/tests/Feature/Http/Controllers/UserSitemapRouteTest.php" line="57" class="Tests\Feature\Playground\Site\Blade\Http\Controllers\UserSitemapRouteTest" classname="Tests.Feature.Playground.Site.Blade.Http.Controllers.UserSitemapRouteTest" assertions="1" time="0.022543"/>
        <testcase name="test_route_sitemap_as_user_and_succeed" file="/app/vendor/gammamatrix/playground-site-blade/tests/Feature/Http/Controllers/UserSitemapRouteTest.php" line="67" class="Tests\Feature\Playground\Site\Blade\Http\Controllers\UserSitemapRouteTest" classname="Tests.Feature.Playground.Site.Blade.Http.Controllers.UserSitemapRouteTest" assertions="1" time="0.026157"/>
        <testcase name="test_route_sitemap_as_support_and_fail_when_disabled_for_all" file="/app/vendor/gammamatrix/playground-site-blade/tests/Feature/Http/Controllers/UserSitemapRouteTest.php" line="81" class="Tests\Feature\Playground\Site\Blade\Http\Controllers\UserSitemapRouteTest" classname="Tests.Feature.Playground.Site.Blade.Http.Controllers.UserSitemapRouteTest" assertions="2" time="0.024935"/>
        <testcase name="test_route_sitemap_as_user_and_fail_when_disabled_for_all_and_no_redirect" file="/app/vendor/gammamatrix/playground-site-blade/tests/Feature/Http/Controllers/UserSitemapRouteTest.php" line="94" class="Tests\Feature\Playground\Site\Blade\Http\Controllers\UserSitemapRouteTest" classname="Tests.Feature.Playground.Site.Blade.Http.Controllers.UserSitemapRouteTest" assertions="1" time="0.027830"/>
        <testcase name="test_route_json_sitemap_as_admin_and_succeed" file="/app/vendor/gammamatrix/playground-site-blade/tests/Feature/Http/Controllers/UserSitemapRouteTest.php" line="107" class="Tests\Feature\Playground\Site\Blade\Http\Controllers\UserSitemapRouteTest" classname="Tests.Feature.Playground.Site.Blade.Http.Controllers.UserSitemapRouteTest" assertions="1" time="0.027019"/>
        <testcase name="test_route_sitemap_as_user_and_succeed_with_package_sitemaps" file="/app/vendor/gammamatrix/playground-site-blade/tests/Feature/Http/Controllers/UserSitemapRouteTest.php" line="122" class="Tests\Feature\Playground\Site\Blade\Http\Controllers\UserSitemapRouteTest" classname="Tests.Feature.Playground.Site.Blade.Http.Controllers.UserSitemapRouteTest" assertions="1" time="0.025929"/>
      </testsuite>
      <testsuite name="Tests\Feature\Playground\Site\Blade\Http\Controllers\WelcomeRouteTest" file="/app/vendor/gammamatrix/playground-site-blade/tests/Feature/Http/Controllers/WelcomeRouteTest.php" tests="4" assertions="4" errors="0" failures="0" skipped="0" time="0.105118">
        <testcase name="test_route_welcome_as_guest_and_succeed" file="/app/vendor/gammamatrix/playground-site-blade/tests/Feature/Http/Controllers/WelcomeRouteTest.php" line="16" class="Tests\Feature\Playground\Site\Blade\Http\Controllers\WelcomeRouteTest" classname="Tests.Feature.Playground.Site.Blade.Http.Controllers.WelcomeRouteTest" assertions="1" time="0.032814"/>
        <testcase name="test_route_json_welcome_as_guest_and_succeed" file="/app/vendor/gammamatrix/playground-site-blade/tests/Feature/Http/Controllers/WelcomeRouteTest.php" line="22" class="Tests\Feature\Playground\Site\Blade\Http\Controllers\WelcomeRouteTest" classname="Tests.Feature.Playground.Site.Blade.Http.Controllers.WelcomeRouteTest" assertions="1" time="0.021165"/>
        <testcase name="test_route_welcome_as_user_and_succeed" file="/app/vendor/gammamatrix/playground-site-blade/tests/Feature/Http/Controllers/WelcomeRouteTest.php" line="28" class="Tests\Feature\Playground\Site\Blade\Http\Controllers\WelcomeRouteTest" classname="Tests.Feature.Playground.Site.Blade.Http.Controllers.WelcomeRouteTest" assertions="1" time="0.025163"/>
        <testcase name="test_route_json_welcome_as_manager_admin_and_succeed" file="/app/vendor/gammamatrix/playground-site-blade/tests/Feature/Http/Controllers/WelcomeRouteTest.php" line="38" class="Tests\Feature\Playground\Site\Blade\Http\Controllers\WelcomeRouteTest" classname="Tests.Feature.Playground.Site.Blade.Http.Controllers.WelcomeRouteTest" assertions="1" time="0.025977"/>
      </testsuite>
      <testsuite name="Tests\Feature\Playground\Test\Console\Commands\About\CommandTest" file="/app/vendor/gammamatrix/playground-test/tests/Feature/Console/Commands/About/CommandTest.php" tests="1" assertions="2" errors="0" failures="0" skipped="0" time="0.062871">
        <testcase name="test_command_about_displays_package_information_and_succeed_with_code_0" file="/app/vendor/gammamatrix/playground-test/tests/Feature/Console/Commands/About/CommandTest.php" line="19" class="Tests\Feature\Playground\Test\Console\Commands\About\CommandTest" classname="Tests.Feature.Playground.Test.Console.Commands.About.CommandTest" assertions="2" time="0.062871"/>
      </testsuite>
    </testsuite>
  </testsuite>
</testsuites>
